Archive member included because of file (symbol)

contiki-sky.a(contiki-sky-pla)
                              obj_sky/contiki-sky-main.o (init_platform)
contiki-sky.a(button-sensor.o)
                              contiki-sky.a(contiki-sky-pla) (button_sensor)
contiki-sky.a(ds2411.o)       obj_sky/contiki-sky-main.o (ds2411_init)
contiki-sky.a(xmem.o)         obj_sky/contiki-sky-main.o (xmem_init)
contiki-sky.a(node-id.o)      obj_sky/contiki-sky-main.o (node_id_restore)
contiki-sky.a(sensors.o)      contiki-sky.a(button-sensor.o) (sensors_changed)
contiki-sky.a(cc2420.o)       obj_sky/contiki-sky-main.o (cc2420_set_pan_addr)
contiki-sky.a(cc2420-arch.o)  contiki-sky.a(cc2420.o) (cc2420_arch_init)
contiki-sky.a(uart1.o)        obj_sky/contiki-sky-main.o (uart1_active)
contiki-sky.a(uart1-putchar.o)
                              obj_sky/contiki-sky-main.o (putchar)
contiki-sky.a(msp430.o)       contiki-sky.a(uart1.o) (msp430_add_lpm_req)
contiki-sky.a(clock.o)        obj_sky/contiki-sky-main.o (clock_init)
contiki-sky.a(leds.o)         obj_sky/contiki-sky-main.o (leds_init)
contiki-sky.a(leds-arch.o)    contiki-sky.a(leds.o) (leds_arch_init)
contiki-sky.a(watchdog.o)     obj_sky/contiki-sky-main.o (watchdog_start)
contiki-sky.a(rtimer-arch.o)  obj_sky/contiki-sky-main.o (rtimer_arch_now)
contiki-sky.a(ctimer.o)       obj_sky/contiki-sky-main.o (ctimer_init)
contiki-sky.a(autostart.o)    obj_sky/contiki-sky-main.o (autostart_start)
contiki-sky.a(energest.o)     obj_sky/contiki-sky-main.o (energest_init)
contiki-sky.a(etimer.o)       contiki-sky.a(clock.o) (etimer_request_poll)
contiki-sky.a(process.o)      contiki-sky.a(ctimer.o) (process_current)
contiki-sky.a(rtimer.o)       obj_sky/contiki-sky-main.o (rtimer_init)
contiki-sky.a(timer.o)        obj_sky/contiki-sky-main.o (timer_set)
contiki-sky.a(serial-line.o)  obj_sky/contiki-sky-main.o (serial_line_input_byte)
contiki-sky.a(list.o)         contiki-sky.a(ctimer.o) (list_init)
contiki-sky.a(random.o)       obj_sky/contiki-sky-main.o (random_init)
contiki-sky.a(ringbuf.o)      contiki-sky.a(serial-line.o) (ringbuf_init)
contiki-sky.a(csma.o)         obj_sky/contiki-sky-main.o (csma_driver)
contiki-sky.a(mac.o)          contiki-sky.a(csma.o) (mac_call_sent_callback)
contiki-sky.a(queuebuf.o)     contiki-sky.a(csma.o) (queuebuf_new_from_packetbuf)
contiki-sky.a(packetbuf.o)    contiki-sky.a(cc2420.o) (packetbuf_set_datalen)
contiki-sky.a(linkaddr.o)     obj_sky/contiki-sky-main.o (linkaddr_copy)
contiki-sky.a(nullsec.o)      obj_sky/contiki-sky-main.o (nullsec_driver)
contiki-sky.a(spi.o)          contiki-sky.a(xmem.o) (spi_init)
contiki-sky.a(memb.o)         contiki-sky.a(csma.o) (memb_init)
/usr/lib/gcc/msp430/4.6.3/mmpy-16/libgcc.a(_mulsi3.o)
                              contiki-sky.a(csma.o) (__mulsi3)
/usr/lib/gcc/msp430/4.6.3/mmpy-16/libgcc.a(_udivmod32.o)
                              obj_sky/contiki-sky-main.o (__udivsi3)
/usr/lib/gcc/msp430/4.6.3/../../../../msp430/lib/mmpy-16/libc.a(strncmp.o)
                              contiki-sky.a(sensors.o) (strncmp)
/usr/lib/gcc/msp430/4.6.3/../../../../msp430/lib/mmpy-16/libc.a(memcmp.o)
                              contiki-sky.a(linkaddr.o) (memcmp)
/usr/lib/gcc/msp430/4.6.3/../../../../msp430/lib/mmpy-16/libc.a(memcpy.o)
                              contiki-sky.a(packetbuf.o) (memcpy)
/usr/lib/gcc/msp430/4.6.3/../../../../msp430/lib/mmpy-16/libc.a(memset.o)
                              obj_sky/contiki-sky-main.o (memset)
/usr/lib/gcc/msp430/4.6.3/../../../../msp430/lib/mmpy-16/libc.a(printf.o)
                              app.co (printf)
/usr/lib/gcc/msp430/4.6.3/../../../../msp430/lib/mmpy-16/libc.a(vuprintf.o)
                              /usr/lib/gcc/msp430/4.6.3/../../../../msp430/lib/mmpy-16/libc.a(printf.o) (vuprintf)
/usr/lib/gcc/msp430/4.6.3/../../../../msp430/lib/mmpy-16/libc.a(puts.o)
                              app.co (puts)
/usr/lib/gcc/msp430/4.6.3/../../../../msp430/lib/mmpy-16/libc.a(rand.o)
                              contiki-sky.a(random.o) (rand)
/usr/lib/gcc/msp430/4.6.3/mmpy-16/libgcc.a(_udivmod16.o)
                              /usr/lib/gcc/msp430/4.6.3/../../../../msp430/lib/mmpy-16/libc.a(vuprintf.o) (__udivhi3)
/usr/lib/gcc/msp430/4.6.3/mmpy-16/libgcc.a(_udivmod64.o)
                              /usr/lib/gcc/msp430/4.6.3/../../../../msp430/lib/mmpy-16/libc.a(vuprintf.o) (__udivdi3)
/usr/lib/gcc/msp430/4.6.3/mmpy-16/libcrt0.a(_reset_vector__.o)
                              (_reset_vector__)
/usr/lib/gcc/msp430/4.6.3/mmpy-16/libcrt0.a(__watchdog_support.o)
                              /usr/lib/gcc/msp430/4.6.3/mmpy-16/libcrt0.a(_reset_vector__.o) (__watchdog_support)
/usr/lib/gcc/msp430/4.6.3/mmpy-16/libcrt0.a(__init_stack.o)
                              /usr/lib/gcc/msp430/4.6.3/mmpy-16/libcrt0.a(_reset_vector__.o) (__init_stack)
/usr/lib/gcc/msp430/4.6.3/mmpy-16/libcrt0.a(__low_level_init.o)
                              /usr/lib/gcc/msp430/4.6.3/mmpy-16/libcrt0.a(_reset_vector__.o) (__low_level_init)
/usr/lib/gcc/msp430/4.6.3/mmpy-16/libcrt0.a(_copy_data.o)
                              /usr/lib/gcc/msp430/4.6.3/mmpy-16/libcrt0.a(_reset_vector__.o) (__do_copy_data)
/usr/lib/gcc/msp430/4.6.3/mmpy-16/libcrt0.a(_clear_bss.o)
                              /usr/lib/gcc/msp430/4.6.3/mmpy-16/libcrt0.a(_reset_vector__.o) (__do_clear_bss)
/usr/lib/gcc/msp430/4.6.3/mmpy-16/libcrt0.a(__stop_progExec__.o)
                              /usr/lib/gcc/msp430/4.6.3/mmpy-16/libcrt0.a(_reset_vector__.o) (__stop_progExec__)
/usr/lib/gcc/msp430/4.6.3/mmpy-16/libcrt0.a(_endless_loop__.o)
                              /usr/lib/gcc/msp430/4.6.3/mmpy-16/libcrt0.a(_reset_vector__.o) (_endless_loop__)
/usr/lib/gcc/msp430/4.6.3/mmpy-16/libcrt0.a(_unexpected_.o)
                              /usr/lib/gcc/msp430/4.6.3/mmpy-16/crt0ivtbl16.o (_unexpected_)

Allocating common symbols
Common symbol       size              file

energest_total_time
                    0x30              contiki-sky.a(energest.o)
cc2420_last_rssi    0x1               contiki-sky.a(cc2420.o)
energest_total_count
                    0x2               contiki-sky.a(energest.o)
cc2420_sfd_start_time
                    0x2               contiki-sky.a(cc2420.o)
cc2420_time_of_departure
                    0x2               contiki-sky.a(cc2420.o)
cc2420_time_of_arrival
                    0x2               contiki-sky.a(cc2420.o)
energest_current_mode
                    0xc               contiki-sky.a(energest.o)
packetbuf_addrs     0x4               contiki-sky.a(packetbuf.o)
process_maxevents   0x1               contiki-sky.a(process.o)
cc2420_last_correlation
                    0x1               contiki-sky.a(cc2420.o)
linkaddr_node_addr  0x2               contiki-sky.a(linkaddr.o)
cc2420_authority_level_of_sender
                    0x2               contiki-sky.a(cc2420.o)
packetbuf_attrs     0x1e              contiki-sky.a(packetbuf.o)
msp430_dco_required
                    0x2               contiki-sky.a(msp430.o)
cc2420_sfd_counter  0x1               contiki-sky.a(cc2420.o)
energest_current_time
                    0x18              contiki-sky.a(energest.o)
sensors_flags       0x2               contiki-sky.a(contiki-sky-pla)
serial_line_event_message
                    0x1               contiki-sky.a(serial-line.o)
cc2420_sfd_end_time
                    0x2               contiki-sky.a(cc2420.o)
sensors_event       0x1               contiki-sky.a(sensors.o)
ds2411_id           0x8               contiki-sky.a(ds2411.o)

Discarded input sections

 .data          0x0000000000000000        0x0 /usr/lib/gcc/msp430/4.6.3/mmpy-16/crt0ivtbl16.o
 .bss           0x0000000000000000        0x0 /usr/lib/gcc/msp430/4.6.3/mmpy-16/crt0ivtbl16.o
 .text.crt0     0x0000000000000000        0x0 /usr/lib/gcc/msp430/4.6.3/mmpy-16/crt0ivtbl16.o
 .text          0x0000000000000000        0x0 app.co
 .text.tx_sparse
                0x0000000000000000        0x4 app.co
 .text.rx_burst
                0x0000000000000000        0x4 app.co
 .text          0x0000000000000000        0x0 obj_sky/nd.o
 .data          0x0000000000000000        0x0 obj_sky/nd.o
 .bss           0x0000000000000000        0x4 obj_sky/nd.o
 .text.nd_start
                0x0000000000000000        0x2 obj_sky/nd.o
 .text          0x0000000000000000        0x0 obj_sky/nd-rdc.o
 .data          0x0000000000000000        0x0 obj_sky/nd-rdc.o
 .bss           0x0000000000000000        0x0 obj_sky/nd-rdc.o
 .text          0x0000000000000000        0x0 obj_sky/netstack.o
 .data          0x0000000000000000        0x0 obj_sky/netstack.o
 .bss           0x0000000000000000        0x0 obj_sky/netstack.o
 .text.netstack_init
                0x0000000000000000        0xa obj_sky/netstack.o
 .text          0x0000000000000000        0x0 obj_sky/nd-netstack.o
 .data          0x0000000000000000        0x0 obj_sky/nd-netstack.o
 .bss           0x0000000000000000        0x0 obj_sky/nd-netstack.o
 .text          0x0000000000000000        0x0 obj_sky/contiki-sky-main.o
 .data          0x0000000000000000        0x0 obj_sky/contiki-sky-main.o
 .text.uip_log  0x0000000000000000        0x6 obj_sky/contiki-sky-main.o
 .text          0x0000000000000000        0x0 contiki-sky.a(contiki-sky-pla)
 .bss           0x0000000000000000        0x0 contiki-sky.a(contiki-sky-pla)
 .text          0x0000000000000000        0x0 contiki-sky.a(button-sensor.o)
 .data          0x0000000000000000        0x0 contiki-sky.a(button-sensor.o)
 .text          0x0000000000000000        0x0 contiki-sky.a(ds2411.o)
 .data          0x0000000000000000        0x0 contiki-sky.a(ds2411.o)
 .bss           0x0000000000000000        0x0 contiki-sky.a(ds2411.o)
 .text          0x0000000000000000        0x0 contiki-sky.a(xmem.o)
 .data          0x0000000000000000        0x0 contiki-sky.a(xmem.o)
 .bss           0x0000000000000000        0x0 contiki-sky.a(xmem.o)
 .text.write_enable
                0x0000000000000000       0x2a contiki-sky.a(xmem.o)
 .text.xmem_pwrite
                0x0000000000000000      0x150 contiki-sky.a(xmem.o)
 .text.xmem_erase
                0x0000000000000000       0xae contiki-sky.a(xmem.o)
 .text          0x0000000000000000        0x0 contiki-sky.a(node-id.o)
 .data          0x0000000000000000        0x0 contiki-sky.a(node-id.o)
 .text.node_id_burn
                0x0000000000000000       0x36 contiki-sky.a(node-id.o)
 .text          0x0000000000000000        0x0 contiki-sky.a(sensors.o)
 .text.sensors_first
                0x0000000000000000        0x6 contiki-sky.a(sensors.o)
 .text.sensors_next
                0x0000000000000000       0x2c contiki-sky.a(sensors.o)
 .text.sensors_find
                0x0000000000000000       0x4e contiki-sky.a(sensors.o)
 .text          0x0000000000000000        0x0 contiki-sky.a(cc2420.o)
 .text.cc2420_get_channel
                0x0000000000000000        0x6 contiki-sky.a(cc2420.o)
 .text          0x0000000000000000        0x0 contiki-sky.a(cc2420-arch.o)
 .data          0x0000000000000000        0x0 contiki-sky.a(cc2420-arch.o)
 .bss           0x0000000000000000        0x0 contiki-sky.a(cc2420-arch.o)
 .text          0x0000000000000000        0x0 contiki-sky.a(uart1.o)
 .data          0x0000000000000000        0x0 contiki-sky.a(uart1.o)
 .text          0x0000000000000000        0x0 contiki-sky.a(uart1-putchar.o)
 .data          0x0000000000000000        0x0 contiki-sky.a(uart1-putchar.o)
 .bss           0x0000000000000000        0x0 contiki-sky.a(uart1-putchar.o)
 .text          0x0000000000000000        0x0 contiki-sky.a(msp430.o)
 .bss           0x0000000000000000        0x0 contiki-sky.a(msp430.o)
 .text.msp430_remove_lpm_req
                0x0000000000000000        0xc contiki-sky.a(msp430.o)
 .text.sbrk     0x0000000000000000       0x5a contiki-sky.a(msp430.o)
 .text          0x0000000000000000        0x0 contiki-sky.a(clock.o)
 .data          0x0000000000000000        0x0 contiki-sky.a(clock.o)
 .text.clock_set
                0x0000000000000000       0x16 contiki-sky.a(clock.o)
 .text.clock_fine_max
                0x0000000000000000        0x6 contiki-sky.a(clock.o)
 .text.clock_fine
                0x0000000000000000        0xc contiki-sky.a(clock.o)
 .text.clock_wait
                0x0000000000000000       0x34 contiki-sky.a(clock.o)
 .text.clock_set_seconds
                0x0000000000000000       0x1c contiki-sky.a(clock.o)
 .text.clock_seconds
                0x0000000000000000       0x1a contiki-sky.a(clock.o)
 .text.clock_counter
                0x0000000000000000        0xe contiki-sky.a(clock.o)
 .text          0x0000000000000000        0x0 contiki-sky.a(leds.o)
 .data          0x0000000000000000        0x0 contiki-sky.a(leds.o)
 .text.leds_get
                0x0000000000000000        0x6 contiki-sky.a(leds.o)
 .text.leds_set
                0x0000000000000000        0x6 contiki-sky.a(leds.o)
 .text.leds_toggle
                0x0000000000000000        0xa contiki-sky.a(leds.o)
 .text.leds_blink
                0x0000000000000000       0x20 contiki-sky.a(leds.o)
 .text          0x0000000000000000        0x0 contiki-sky.a(leds-arch.o)
 .data          0x0000000000000000        0x0 contiki-sky.a(leds-arch.o)
 .bss           0x0000000000000000        0x0 contiki-sky.a(leds-arch.o)
 .text.leds_arch_get
                0x0000000000000000       0x30 contiki-sky.a(leds-arch.o)
 .text          0x0000000000000000        0x0 contiki-sky.a(watchdog.o)
 .data          0x0000000000000000        0x0 contiki-sky.a(watchdog.o)
 .text.watchdog_reboot
                0x0000000000000000        0x6 contiki-sky.a(watchdog.o)
 .text          0x0000000000000000        0x0 contiki-sky.a(rtimer-arch.o)
 .data          0x0000000000000000        0x0 contiki-sky.a(rtimer-arch.o)
 .bss           0x0000000000000000        0x0 contiki-sky.a(rtimer-arch.o)
 .text          0x0000000000000000        0x0 contiki-sky.a(ctimer.o)
 .text.ctimer_restart
                0x0000000000000000       0x30 contiki-sky.a(ctimer.o)
 .text.ctimer_expired
                0x0000000000000000       0x32 contiki-sky.a(ctimer.o)
 .text          0x0000000000000000        0x0 contiki-sky.a(autostart.o)
 .data          0x0000000000000000        0x0 contiki-sky.a(autostart.o)
 .bss           0x0000000000000000        0x0 contiki-sky.a(autostart.o)
 .text.autostart_exit
                0x0000000000000000       0x14 contiki-sky.a(autostart.o)
 .text          0x0000000000000000        0x0 contiki-sky.a(energest.o)
 .data          0x0000000000000000        0x0 contiki-sky.a(energest.o)
 .bss           0x0000000000000000        0x0 contiki-sky.a(energest.o)
 .text.energest_leveldevice_leveltime
                0x0000000000000000        0x6 contiki-sky.a(energest.o)
 .text          0x0000000000000000        0x0 contiki-sky.a(etimer.o)
 .text.etimer_reset_with_new_interval
                0x0000000000000000       0x26 contiki-sky.a(etimer.o)
 .text.etimer_restart
                0x0000000000000000       0x12 contiki-sky.a(etimer.o)
 .text.etimer_adjust
                0x0000000000000000       0x1a contiki-sky.a(etimer.o)
 .text.etimer_expiration_time
                0x0000000000000000       0x14 contiki-sky.a(etimer.o)
 .text.etimer_start_time
                0x0000000000000000        0x8 contiki-sky.a(etimer.o)
 .text          0x0000000000000000        0x0 contiki-sky.a(process.o)
 .data          0x0000000000000000        0x0 contiki-sky.a(process.o)
 .text.process_exit
                0x0000000000000000        0xa contiki-sky.a(process.o)
 .text.process_is_running
                0x0000000000000000        0xe contiki-sky.a(process.o)
 .text          0x0000000000000000        0x0 contiki-sky.a(rtimer.o)
 .data          0x0000000000000000        0x0 contiki-sky.a(rtimer.o)
 .text.rtimer_set
                0x0000000000000000       0x24 contiki-sky.a(rtimer.o)
 .text          0x0000000000000000        0x0 contiki-sky.a(timer.o)
 .data          0x0000000000000000        0x0 contiki-sky.a(timer.o)
 .bss           0x0000000000000000        0x0 contiki-sky.a(timer.o)
 .text.timer_restart
                0x0000000000000000       0x14 contiki-sky.a(timer.o)
 .text.timer_remaining
                0x0000000000000000       0x28 contiki-sky.a(timer.o)
 .text          0x0000000000000000        0x0 contiki-sky.a(serial-line.o)
 .text          0x0000000000000000        0x0 contiki-sky.a(list.o)
 .data          0x0000000000000000        0x0 contiki-sky.a(list.o)
 .bss           0x0000000000000000        0x0 contiki-sky.a(list.o)
 .text.list_copy
                0x0000000000000000        0x6 contiki-sky.a(list.o)
 .text.list_chop
                0x0000000000000000       0x24 contiki-sky.a(list.o)
 .text.list_pop
                0x0000000000000000        0xe contiki-sky.a(list.o)
 .text.list_push
                0x0000000000000000       0x1a contiki-sky.a(list.o)
 .text.list_insert
                0x0000000000000000       0x16 contiki-sky.a(list.o)
 .text          0x0000000000000000        0x0 contiki-sky.a(random.o)
 .data          0x0000000000000000        0x0 contiki-sky.a(random.o)
 .bss           0x0000000000000000        0x0 contiki-sky.a(random.o)
 .text          0x0000000000000000        0x0 contiki-sky.a(ringbuf.o)
 .data          0x0000000000000000        0x0 contiki-sky.a(ringbuf.o)
 .bss           0x0000000000000000        0x0 contiki-sky.a(ringbuf.o)
 .text.ringbuf_size
                0x0000000000000000        0x8 contiki-sky.a(ringbuf.o)
 .text.ringbuf_elements
                0x0000000000000000       0x12 contiki-sky.a(ringbuf.o)
 .text          0x0000000000000000        0x0 contiki-sky.a(csma.o)
 .text          0x0000000000000000        0x0 contiki-sky.a(mac.o)
 .data          0x0000000000000000        0x0 contiki-sky.a(mac.o)
 .bss           0x0000000000000000        0x0 contiki-sky.a(mac.o)
 .text          0x0000000000000000        0x0 contiki-sky.a(queuebuf.o)
 .text.queuebuf_init
                0x0000000000000000       0x12 contiki-sky.a(queuebuf.o)
 .text.queuebuf_numfree
                0x0000000000000000        0xa contiki-sky.a(queuebuf.o)
 .text.queuebuf_update_from_packetbuf
                0x0000000000000000       0x22 contiki-sky.a(queuebuf.o)
 .text.queuebuf_to_packetbuf
                0x0000000000000000       0x32 contiki-sky.a(queuebuf.o)
 .text.queuebuf_dataptr
                0x0000000000000000       0x1c contiki-sky.a(queuebuf.o)
 .text.queuebuf_datalen
                0x0000000000000000        0x8 contiki-sky.a(queuebuf.o)
 .text.queuebuf_addr
                0x0000000000000000        0xe contiki-sky.a(queuebuf.o)
 .text.queuebuf_debug_print
                0x0000000000000000        0x2 contiki-sky.a(queuebuf.o)
 .text          0x0000000000000000        0x0 contiki-sky.a(packetbuf.o)
 .data          0x0000000000000000        0x0 contiki-sky.a(packetbuf.o)
 .text.packetbuf_hdrreduce
                0x0000000000000000       0x1a contiki-sky.a(packetbuf.o)
 .text.packetbuf_hdrptr
                0x0000000000000000        0x6 contiki-sky.a(packetbuf.o)
 .text.packetbuf_datalen
                0x0000000000000000        0x6 contiki-sky.a(packetbuf.o)
 .text.packetbuf_compact
                0x0000000000000000       0x36 contiki-sky.a(packetbuf.o)
 .text.packetbuf_totlen
                0x0000000000000000        0xc contiki-sky.a(packetbuf.o)
 .text.packetbuf_hdralloc
                0x0000000000000000       0x3a contiki-sky.a(packetbuf.o)
 .text.packetbuf_remaininglen
                0x0000000000000000        0xe contiki-sky.a(packetbuf.o)
 .text.packetbuf_copyfrom
                0x0000000000000000       0x2e contiki-sky.a(packetbuf.o)
 .text.packetbuf_attr_copyfrom
                0x0000000000000000       0x22 contiki-sky.a(packetbuf.o)
 .text.packetbuf_holds_broadcast
                0x0000000000000000        0xe contiki-sky.a(packetbuf.o)
 .text          0x0000000000000000        0x0 contiki-sky.a(linkaddr.o)
 .data          0x0000000000000000        0x0 contiki-sky.a(linkaddr.o)
 .bss           0x0000000000000000        0x0 contiki-sky.a(linkaddr.o)
 .text          0x0000000000000000        0x0 contiki-sky.a(nullsec.o)
 .data          0x0000000000000000        0x0 contiki-sky.a(nullsec.o)
 .bss           0x0000000000000000        0x0 contiki-sky.a(nullsec.o)
 .text          0x0000000000000000        0x0 contiki-sky.a(spi.o)
 .data          0x0000000000000000        0x0 contiki-sky.a(spi.o)
 .bss           0x0000000000000000        0x2 contiki-sky.a(spi.o)
 .text          0x0000000000000000        0x0 contiki-sky.a(memb.o)
 .data          0x0000000000000000        0x0 contiki-sky.a(memb.o)
 .bss           0x0000000000000000        0x0 contiki-sky.a(memb.o)
 .text.memb_numfree
                0x0000000000000000       0x26 contiki-sky.a(memb.o)
 .text          0x0000000000000000        0x0 /usr/lib/gcc/msp430/4.6.3/mmpy-16/libgcc.a(_mulsi3.o)
 .data          0x0000000000000000        0x0 /usr/lib/gcc/msp430/4.6.3/mmpy-16/libgcc.a(_mulsi3.o)
 .bss           0x0000000000000000        0x0 /usr/lib/gcc/msp430/4.6.3/mmpy-16/libgcc.a(_mulsi3.o)
 .text          0x0000000000000000        0x0 /usr/lib/gcc/msp430/4.6.3/mmpy-16/libgcc.a(_udivmod32.o)
 .data          0x0000000000000000        0x0 /usr/lib/gcc/msp430/4.6.3/mmpy-16/libgcc.a(_udivmod32.o)
 .bss           0x0000000000000000        0x0 /usr/lib/gcc/msp430/4.6.3/mmpy-16/libgcc.a(_udivmod32.o)
 .text          0x0000000000000000       0x28 /usr/lib/gcc/msp430/4.6.3/../../../../msp430/lib/mmpy-16/libc.a(strncmp.o)
 .data          0x0000000000000000        0x0 /usr/lib/gcc/msp430/4.6.3/../../../../msp430/lib/mmpy-16/libc.a(strncmp.o)
 .bss           0x0000000000000000        0x0 /usr/lib/gcc/msp430/4.6.3/../../../../msp430/lib/mmpy-16/libc.a(strncmp.o)
 .data          0x0000000000000000        0x0 /usr/lib/gcc/msp430/4.6.3/../../../../msp430/lib/mmpy-16/libc.a(memcmp.o)
 .bss           0x0000000000000000        0x0 /usr/lib/gcc/msp430/4.6.3/../../../../msp430/lib/mmpy-16/libc.a(memcmp.o)
 .data          0x0000000000000000        0x0 /usr/lib/gcc/msp430/4.6.3/../../../../msp430/lib/mmpy-16/libc.a(memcpy.o)
 .bss           0x0000000000000000        0x0 /usr/lib/gcc/msp430/4.6.3/../../../../msp430/lib/mmpy-16/libc.a(memcpy.o)
 .data          0x0000000000000000        0x0 /usr/lib/gcc/msp430/4.6.3/../../../../msp430/lib/mmpy-16/libc.a(memset.o)
 .bss           0x0000000000000000        0x0 /usr/lib/gcc/msp430/4.6.3/../../../../msp430/lib/mmpy-16/libc.a(memset.o)
 .data          0x0000000000000000        0x0 /usr/lib/gcc/msp430/4.6.3/../../../../msp430/lib/mmpy-16/libc.a(printf.o)
 .bss           0x0000000000000000        0x0 /usr/lib/gcc/msp430/4.6.3/../../../../msp430/lib/mmpy-16/libc.a(printf.o)
 .data          0x0000000000000000        0x0 /usr/lib/gcc/msp430/4.6.3/../../../../msp430/lib/mmpy-16/libc.a(vuprintf.o)
 .bss           0x0000000000000000        0x0 /usr/lib/gcc/msp430/4.6.3/../../../../msp430/lib/mmpy-16/libc.a(vuprintf.o)
 .data          0x0000000000000000        0x0 /usr/lib/gcc/msp430/4.6.3/../../../../msp430/lib/mmpy-16/libc.a(puts.o)
 .bss           0x0000000000000000        0x0 /usr/lib/gcc/msp430/4.6.3/../../../../msp430/lib/mmpy-16/libc.a(puts.o)
 .bss           0x0000000000000000        0x0 /usr/lib/gcc/msp430/4.6.3/../../../../msp430/lib/mmpy-16/libc.a(rand.o)
 .text          0x0000000000000000        0x0 /usr/lib/gcc/msp430/4.6.3/mmpy-16/libgcc.a(_udivmod16.o)
 .data          0x0000000000000000        0x0 /usr/lib/gcc/msp430/4.6.3/mmpy-16/libgcc.a(_udivmod16.o)
 .bss           0x0000000000000000        0x0 /usr/lib/gcc/msp430/4.6.3/mmpy-16/libgcc.a(_udivmod16.o)
 .text          0x0000000000000000        0x0 /usr/lib/gcc/msp430/4.6.3/mmpy-16/libgcc.a(_udivmod64.o)
 .data          0x0000000000000000        0x0 /usr/lib/gcc/msp430/4.6.3/mmpy-16/libgcc.a(_udivmod64.o)
 .bss           0x0000000000000000        0x0 /usr/lib/gcc/msp430/4.6.3/mmpy-16/libgcc.a(_udivmod64.o)
 .text          0x0000000000000000        0x0 /usr/lib/gcc/msp430/4.6.3/mmpy-16/libcrt0.a(_reset_vector__.o)
 .data          0x0000000000000000        0x0 /usr/lib/gcc/msp430/4.6.3/mmpy-16/libcrt0.a(_reset_vector__.o)
 .bss           0x0000000000000000        0x0 /usr/lib/gcc/msp430/4.6.3/mmpy-16/libcrt0.a(_reset_vector__.o)
 .text          0x0000000000000000        0x0 /usr/lib/gcc/msp430/4.6.3/mmpy-16/libcrt0.a(__watchdog_support.o)
 .data          0x0000000000000000        0x0 /usr/lib/gcc/msp430/4.6.3/mmpy-16/libcrt0.a(__watchdog_support.o)
 .bss           0x0000000000000000        0x0 /usr/lib/gcc/msp430/4.6.3/mmpy-16/libcrt0.a(__watchdog_support.o)
 .text          0x0000000000000000        0x0 /usr/lib/gcc/msp430/4.6.3/mmpy-16/libcrt0.a(__init_stack.o)
 .data          0x0000000000000000        0x0 /usr/lib/gcc/msp430/4.6.3/mmpy-16/libcrt0.a(__init_stack.o)
 .bss           0x0000000000000000        0x0 /usr/lib/gcc/msp430/4.6.3/mmpy-16/libcrt0.a(__init_stack.o)
 .text          0x0000000000000000        0x0 /usr/lib/gcc/msp430/4.6.3/mmpy-16/libcrt0.a(__low_level_init.o)
 .data          0x0000000000000000        0x0 /usr/lib/gcc/msp430/4.6.3/mmpy-16/libcrt0.a(__low_level_init.o)
 .bss           0x0000000000000000        0x0 /usr/lib/gcc/msp430/4.6.3/mmpy-16/libcrt0.a(__low_level_init.o)
 .text          0x0000000000000000        0x0 /usr/lib/gcc/msp430/4.6.3/mmpy-16/libcrt0.a(_copy_data.o)
 .data          0x0000000000000000        0x0 /usr/lib/gcc/msp430/4.6.3/mmpy-16/libcrt0.a(_copy_data.o)
 .bss           0x0000000000000000        0x0 /usr/lib/gcc/msp430/4.6.3/mmpy-16/libcrt0.a(_copy_data.o)
 .text          0x0000000000000000        0x0 /usr/lib/gcc/msp430/4.6.3/mmpy-16/libcrt0.a(_clear_bss.o)
 .data          0x0000000000000000        0x0 /usr/lib/gcc/msp430/4.6.3/mmpy-16/libcrt0.a(_clear_bss.o)
 .bss           0x0000000000000000        0x0 /usr/lib/gcc/msp430/4.6.3/mmpy-16/libcrt0.a(_clear_bss.o)
 .text          0x0000000000000000        0x0 /usr/lib/gcc/msp430/4.6.3/mmpy-16/libcrt0.a(__stop_progExec__.o)
 .data          0x0000000000000000        0x0 /usr/lib/gcc/msp430/4.6.3/mmpy-16/libcrt0.a(__stop_progExec__.o)
 .bss           0x0000000000000000        0x0 /usr/lib/gcc/msp430/4.6.3/mmpy-16/libcrt0.a(__stop_progExec__.o)
 .text          0x0000000000000000        0x0 /usr/lib/gcc/msp430/4.6.3/mmpy-16/libcrt0.a(_endless_loop__.o)
 .data          0x0000000000000000        0x0 /usr/lib/gcc/msp430/4.6.3/mmpy-16/libcrt0.a(_endless_loop__.o)
 .bss           0x0000000000000000        0x0 /usr/lib/gcc/msp430/4.6.3/mmpy-16/libcrt0.a(_endless_loop__.o)
 .text          0x0000000000000000        0x0 /usr/lib/gcc/msp430/4.6.3/mmpy-16/libcrt0.a(_unexpected_.o)
 .data          0x0000000000000000        0x0 /usr/lib/gcc/msp430/4.6.3/mmpy-16/libcrt0.a(_unexpected_.o)
 .bss           0x0000000000000000        0x0 /usr/lib/gcc/msp430/4.6.3/mmpy-16/libcrt0.a(_unexpected_.o)

Memory Configuration

Name             Origin             Length             Attributes
sfr              0x0000000000000000 0x0000000000000010
peripheral_8bit  0x0000000000000010 0x00000000000000f0
peripheral_16bit 0x0000000000000100 0x0000000000000100
ram_mirror       0x0000000000000200 0x0000000000000800 xw
infomem          0x0000000000001000 0x0000000000000100
infob            0x0000000000001000 0x0000000000000080
infoa            0x0000000000001080 0x0000000000000080
ram              0x0000000000001100 0x0000000000002800 xw
rom              0x0000000000004000 0x000000000000bfe0 xr
vectors          0x000000000000ffe0 0x0000000000000020
bsl              0x0000000000000000 0x0000000000000000
infoc            0x0000000000000000 0x0000000000000000
infod            0x0000000000000000 0x0000000000000000
ram2             0x0000000000000000 0x0000000000000000 xw
usbram           0x0000000000000000 0x0000000000000000 xw
far_rom          0x0000000000000000 0x0000000000000000
*default*        0x0000000000000000 0xffffffffffffffff

Linker script and memory map

LOAD /usr/lib/gcc/msp430/4.6.3/mmpy-16/crt0ivtbl16.o
LOAD app.co
LOAD obj_sky/nd.o
LOAD obj_sky/nd-rdc.o
LOAD obj_sky/netstack.o
LOAD obj_sky/nd-netstack.o
LOAD obj_sky/contiki-sky-main.o
LOAD contiki-sky.a
LOAD /usr/lib/gcc/msp430/4.6.3/mmpy-16/libgcc.a
LOAD /usr/lib/gcc/msp430/4.6.3/../../../../msp430/lib/mmpy-16/libc.a
LOAD /usr/lib/gcc/msp430/4.6.3/mmpy-16/libgcc.a
LOAD /usr/lib/gcc/msp430/4.6.3/mmpy-16/libcrt0.a
                0x0000000000000080                PROVIDE (__info_segment_size, 0x80)
                0x0000000000001000                PROVIDE (__infob, 0x1000)
                0x0000000000001080                PROVIDE (__infoa, 0x1080)
                0x0000000000000000                __IE1 = 0x0
                0x0000000000000002                __IFG1 = 0x2
                0x0000000000000004                __ME1 = 0x4
                0x0000000000000001                __IE2 = 0x1
                0x0000000000000003                __IFG2 = 0x3
                0x0000000000000005                __ME2 = 0x5
                0x0000000000000120                __WDTCTL = 0x120
                0x0000000000000130                __MPY = 0x130
                0x0000000000000132                __MPYS = 0x132
                0x0000000000000134                __MAC = 0x134
                0x0000000000000136                __MACS = 0x136
                0x0000000000000138                __OP2 = 0x138
                0x000000000000013a                __RESLO = 0x13a
                0x000000000000013c                __RESHI = 0x13c
                0x000000000000013e                __SUMEXT = 0x13e
                0x0000000000000020                __P1IN = 0x20
                0x0000000000000021                __P1OUT = 0x21
                0x0000000000000022                __P1DIR = 0x22
                0x0000000000000023                __P1IFG = 0x23
                0x0000000000000024                __P1IES = 0x24
                0x0000000000000025                __P1IE = 0x25
                0x0000000000000026                __P1SEL = 0x26
                0x0000000000000028                __P2IN = 0x28
                0x0000000000000029                __P2OUT = 0x29
                0x000000000000002a                __P2DIR = 0x2a
                0x000000000000002b                __P2IFG = 0x2b
                0x000000000000002c                __P2IES = 0x2c
                0x000000000000002d                __P2IE = 0x2d
                0x000000000000002e                __P2SEL = 0x2e
                0x0000000000000018                __P3IN = 0x18
                0x0000000000000019                __P3OUT = 0x19
                0x000000000000001a                __P3DIR = 0x1a
                0x000000000000001b                __P3SEL = 0x1b
                0x000000000000001c                __P4IN = 0x1c
                0x000000000000001d                __P4OUT = 0x1d
                0x000000000000001e                __P4DIR = 0x1e
                0x000000000000001f                __P4SEL = 0x1f
                0x0000000000000030                __P5IN = 0x30
                0x0000000000000031                __P5OUT = 0x31
                0x0000000000000032                __P5DIR = 0x32
                0x0000000000000033                __P5SEL = 0x33
                0x0000000000000034                __P6IN = 0x34
                0x0000000000000035                __P6OUT = 0x35
                0x0000000000000036                __P6DIR = 0x36
                0x0000000000000037                __P6SEL = 0x37
                0x0000000000000070                __U0CTL = 0x70
                0x0000000000000071                __U0TCTL = 0x71
                0x0000000000000072                __U0RCTL = 0x72
                0x0000000000000073                __U0MCTL = 0x73
                0x0000000000000074                __U0BR0 = 0x74
                0x0000000000000075                __U0BR1 = 0x75
                0x0000000000000076                __U0RXBUF = 0x76
                0x0000000000000077                __U0TXBUF = 0x77
                0x0000000000000078                __U1CTL = 0x78
                0x0000000000000079                __U1TCTL = 0x79
                0x000000000000007a                __U1RCTL = 0x7a
                0x000000000000007b                __U1MCTL = 0x7b
                0x000000000000007c                __U1BR0 = 0x7c
                0x000000000000007d                __U1BR1 = 0x7d
                0x000000000000007e                __U1RXBUF = 0x7e
                0x000000000000007f                __U1TXBUF = 0x7f
                0x0000000000000050                __I2CIE = 0x50
                0x0000000000000051                __I2CIFG = 0x51
                0x0000000000000052                __I2CNDAT = 0x52
                0x0000000000000071                __I2CTCTL = 0x71
                0x0000000000000072                __I2CDCTL = 0x72
                0x0000000000000073                __I2CPSC = 0x73
                0x0000000000000074                __I2CSCLH = 0x74
                0x0000000000000075                __I2CSCLL = 0x75
                0x0000000000000076                __I2CDRB = 0x76
                0x0000000000000076                __I2CDRW = 0x76
                0x0000000000000118                __I2COA = 0x118
                0x000000000000011a                __I2CSA = 0x11a
                0x000000000000011c                __I2CIV = 0x11c
                0x000000000000012e                __TAIV = 0x12e
                0x0000000000000160                __TACTL = 0x160
                0x0000000000000162                __TACCTL0 = 0x162
                0x0000000000000164                __TACCTL1 = 0x164
                0x0000000000000166                __TACCTL2 = 0x166
                0x0000000000000170                __TAR = 0x170
                0x0000000000000172                __TACCR0 = 0x172
                0x0000000000000174                __TACCR1 = 0x174
                0x0000000000000176                __TACCR2 = 0x176
                0x000000000000011e                __TBIV = 0x11e
                0x0000000000000180                __TBCTL = 0x180
                0x0000000000000182                __TBCCTL0 = 0x182
                0x0000000000000184                __TBCCTL1 = 0x184
                0x0000000000000186                __TBCCTL2 = 0x186
                0x0000000000000188                __TBCCTL3 = 0x188
                0x000000000000018a                __TBCCTL4 = 0x18a
                0x000000000000018c                __TBCCTL5 = 0x18c
                0x000000000000018e                __TBCCTL6 = 0x18e
                0x0000000000000190                __TBR = 0x190
                0x0000000000000192                __TBCCR0 = 0x192
                0x0000000000000194                __TBCCR1 = 0x194
                0x0000000000000196                __TBCCR2 = 0x196
                0x0000000000000198                __TBCCR3 = 0x198
                0x000000000000019a                __TBCCR4 = 0x19a
                0x000000000000019c                __TBCCR5 = 0x19c
                0x000000000000019e                __TBCCR6 = 0x19e
                0x0000000000000056                __DCOCTL = 0x56
                0x0000000000000057                __BCSCTL1 = 0x57
                0x0000000000000058                __BCSCTL2 = 0x58
                0x0000000000000055                __SVSCTL = 0x55
                0x0000000000000128                __FCTL1 = 0x128
                0x000000000000012a                __FCTL2 = 0x12a
                0x000000000000012c                __FCTL3 = 0x12c
                0x0000000000000059                __CACTL1 = 0x59
                0x000000000000005a                __CACTL2 = 0x5a
                0x000000000000005b                __CAPD = 0x5b
                0x00000000000001a0                __ADC12CTL0 = 0x1a0
                0x00000000000001a2                __ADC12CTL1 = 0x1a2
                0x00000000000001a4                __ADC12IFG = 0x1a4
                0x00000000000001a6                __ADC12IE = 0x1a6
                0x00000000000001a8                __ADC12IV = 0x1a8
                0x0000000000000140                __ADC12MEM0 = 0x140
                0x0000000000000142                __ADC12MEM1 = 0x142
                0x0000000000000144                __ADC12MEM2 = 0x144
                0x0000000000000146                __ADC12MEM3 = 0x146
                0x0000000000000148                __ADC12MEM4 = 0x148
                0x000000000000014a                __ADC12MEM5 = 0x14a
                0x000000000000014c                __ADC12MEM6 = 0x14c
                0x000000000000014e                __ADC12MEM7 = 0x14e
                0x0000000000000150                __ADC12MEM8 = 0x150
                0x0000000000000152                __ADC12MEM9 = 0x152
                0x0000000000000154                __ADC12MEM10 = 0x154
                0x0000000000000156                __ADC12MEM11 = 0x156
                0x0000000000000158                __ADC12MEM12 = 0x158
                0x000000000000015a                __ADC12MEM13 = 0x15a
                0x000000000000015c                __ADC12MEM14 = 0x15c
                0x000000000000015e                __ADC12MEM15 = 0x15e
                0x0000000000000080                __ADC12MCTL0 = 0x80
                0x0000000000000081                __ADC12MCTL1 = 0x81
                0x0000000000000082                __ADC12MCTL2 = 0x82
                0x0000000000000083                __ADC12MCTL3 = 0x83
                0x0000000000000084                __ADC12MCTL4 = 0x84
                0x0000000000000085                __ADC12MCTL5 = 0x85
                0x0000000000000086                __ADC12MCTL6 = 0x86
                0x0000000000000087                __ADC12MCTL7 = 0x87
                0x0000000000000088                __ADC12MCTL8 = 0x88
                0x0000000000000089                __ADC12MCTL9 = 0x89
                0x000000000000008a                __ADC12MCTL10 = 0x8a
                0x000000000000008b                __ADC12MCTL11 = 0x8b
                0x000000000000008c                __ADC12MCTL12 = 0x8c
                0x000000000000008d                __ADC12MCTL13 = 0x8d
                0x000000000000008e                __ADC12MCTL14 = 0x8e
                0x000000000000008f                __ADC12MCTL15 = 0x8f
                0x00000000000001c0                __DAC12_0CTL = 0x1c0
                0x00000000000001c2                __DAC12_1CTL = 0x1c2
                0x00000000000001c8                __DAC12_0DAT = 0x1c8
                0x00000000000001ca                __DAC12_1DAT = 0x1ca
                0x0000000000000122                __DMACTL0 = 0x122
                0x0000000000000124                __DMACTL1 = 0x124
                0x00000000000001e0                __DMA0CTL = 0x1e0
                0x00000000000001e8                __DMA1CTL = 0x1e8
                0x00000000000001f0                __DMA2CTL = 0x1f0
                0x00000000000001e2                __DMA0SA = 0x1e2
                0x00000000000001e4                __DMA0DA = 0x1e4
                0x00000000000001e6                __DMA0SZ = 0x1e6
                0x00000000000001ea                __DMA1SA = 0x1ea
                0x00000000000001ec                __DMA1DA = 0x1ec
                0x00000000000001ee                __DMA1SZ = 0x1ee
                0x00000000000001f2                __DMA2SA = 0x1f2
                0x00000000000001f4                __DMA2DA = 0x1f4
                0x00000000000001f6                __DMA2SZ = 0x1f6

.hash
 *(.hash)

.dynsym
 *(.dynsym)

.dynstr
 *(.dynstr)

.gnu.version
 *(.gnu.version)

.gnu.version_d
 *(.gnu.version_d)

.gnu.version_r
 *(.gnu.version_r)

.rel.init
 *(.rel.init)

.rela.init
 *(.rela.init)

.rel.fini
 *(.rel.fini)

.rela.fini
 *(.rela.fini)

.rel.text
 *(.rel.text .rel.text.* .rel.gnu.linkonce.t.*)

.rela.text
 *(.rela.text .rela.text.* .rela.gnu.linkonce.t.*)

.rel.rodata
 *(.rel.rodata .rel.rodata.* .rel.gnu.linkonce.r.*)

.rela.rodata
 *(.rela.rodata .rela.rodata.* .rela.gnu.linkonce.r.*)

.rel.data
 *(.rel.data .rel.data.* .rel.gnu.linkonce.d.*)

.rela.data
 *(.rela.data .rela.data.* .rela.gnu.linkonce.d.*)

.rel.bss
 *(.rel.bss .rel.bss.* .rel.gnu.linkonce.b.*)

.rela.bss
 *(.rela.bss .rela.bss.* .rela.gnu.linkonce.b.*)

.rel.ctors
 *(.rel.ctors)

.rela.ctors
 *(.rela.ctors)

.rel.dtors
 *(.rel.dtors)

.rela.dtors
 *(.rela.dtors)

.rel.got
 *(.rel.got)

.rela.got
 *(.rela.got)

.rel.plt
 *(.rel.plt)

.rela.plt
 *(.rela.plt)

.text           0x0000000000004000     0x37a6
                0x0000000000004000                . = ALIGN (0x2)
 *(.init .init.*)
 *(.init0)
 .init0         0x0000000000004000        0x0 /usr/lib/gcc/msp430/4.6.3/mmpy-16/libcrt0.a(_reset_vector__.o)
                0x0000000000004000                _reset_vector__
 *(.init1)
 .init1         0x0000000000004000        0xc /usr/lib/gcc/msp430/4.6.3/mmpy-16/libcrt0.a(__watchdog_support.o)
                0x0000000000004000                __watchdog_support
 *(.init2)
 .init2         0x000000000000400c        0x4 /usr/lib/gcc/msp430/4.6.3/mmpy-16/libcrt0.a(__init_stack.o)
                0x000000000000400c                __init_stack
 *(.init3)
 .init3         0x0000000000004010        0x0 /usr/lib/gcc/msp430/4.6.3/mmpy-16/libcrt0.a(__low_level_init.o)
                0x0000000000004010                __low_level_init
 *(.init4)
 .init4         0x0000000000004010       0x18 /usr/lib/gcc/msp430/4.6.3/mmpy-16/libcrt0.a(_copy_data.o)
                0x0000000000004010                __do_copy_data
 .init4         0x0000000000004028       0x16 /usr/lib/gcc/msp430/4.6.3/mmpy-16/libcrt0.a(_clear_bss.o)
                0x0000000000004028                __do_clear_bss
 *(.init5)
 *(.init6)
 *(.init7)
 *(.init8)
 *(.init9)
 .init9         0x000000000000403e      0x2da obj_sky/contiki-sky-main.o
                0x000000000000403e                main
 *(.fini9)
 .fini9         0x0000000000004318        0x0 /usr/lib/gcc/msp430/4.6.3/mmpy-16/libcrt0.a(__stop_progExec__.o)
                0x0000000000004318                __stop_progExec__
 *(.fini8)
 *(.fini7)
 *(.fini6)
 *(.fini5)
 *(.fini4)
 *(.fini3)
 *(.fini2)
 *(.fini1)
 *(.fini0)
 .fini0         0x0000000000004318        0x6 /usr/lib/gcc/msp430/4.6.3/mmpy-16/libcrt0.a(_endless_loop__.o)
                0x0000000000004318                _endless_loop__
 *(.fini .fini.*)
                0x000000000000431e                . = ALIGN (0x2)
                0x000000000000431e                __ctors_start = .
 *(.ctors)
                0x000000000000431e                __ctors_end = .
                0x000000000000431e                __dtors_start = .
 *(.dtors)
                0x000000000000431e                __dtors_end = .
                0x000000000000431e                . = ALIGN (0x2)
 *(.text .text.* .gnu.linkonce.t.*)
 .text          0x000000000000431e        0x4 /usr/lib/gcc/msp430/4.6.3/mmpy-16/crt0ivtbl16.o
                0x000000000000431e                __isr_14
                0x000000000000431e                __isr_11
                0x000000000000431e                __isr_2
                0x000000000000431e                __isr_7
                0x000000000000431e                __isr_0
                0x000000000000431e                __isr_8
                0x000000000000431e                __isr_3
                0x000000000000431e                __isr_12
                0x000000000000431e                __isr_13
                0x000000000000431e                __isr_9
 .text.nd_epoch_end_cb
                0x0000000000004322       0x14 app.co
 .text.nd_new_nbr_cb
                0x0000000000004336       0x14 app.co
 .text.process_thread_app_process
                0x000000000000434a       0xa0 app.co
 .text.nd_recv  0x00000000000043ea        0x2 obj_sky/nd.o
                0x00000000000043ea                nd_recv
 .text.send     0x00000000000043ec        0x2 obj_sky/nd-rdc.o
 .text.send_list
                0x00000000000043ee        0x2 obj_sky/nd-rdc.o
 .text.on       0x00000000000043f0        0x8 obj_sky/nd-rdc.o
 .text.off      0x00000000000043f8        0x2 obj_sky/nd-rdc.o
 .text.cca      0x00000000000043fa        0x4 obj_sky/nd-rdc.o
 .text.init     0x00000000000043fe        0x6 obj_sky/nd-rdc.o
 .text.input    0x0000000000004404        0x6 obj_sky/nd-rdc.o
 .text.input    0x000000000000440a        0x2 obj_sky/nd-netstack.o
 .text.init     0x000000000000440c        0x2 obj_sky/nd-netstack.o
 .text.init_platform
                0x000000000000440e        0xc contiki-sky.a(contiki-sky-pla)
                0x000000000000440e                init_platform
 .text.status   0x000000000000441a       0x16 contiki-sky.a(button-sensor.o)
 .text.configure
                0x0000000000004430       0x52 contiki-sky.a(button-sensor.o)
 .text.value    0x0000000000004482       0x22 contiki-sky.a(button-sensor.o)
 .text.irq_p2   0x00000000000044a4       0x8a contiki-sky.a(button-sensor.o)
                0x00000000000044a4                irq_p2
                0x00000000000044a4                __isr_1
 .text.owreadb  0x000000000000452e       0x52 contiki-sky.a(ds2411.o)
 .text.ds2411_init
                0x0000000000004580      0x122 contiki-sky.a(ds2411.o)
                0x0000000000004580                ds2411_init
 .text.wait_ready
                0x00000000000046a2       0x50 contiki-sky.a(xmem.o)
 .text.xmem_init
                0x00000000000046f2       0x3e contiki-sky.a(xmem.o)
                0x00000000000046f2                xmem_init
 .text.xmem_pread
                0x0000000000004730       0xea contiki-sky.a(xmem.o)
                0x0000000000004730                xmem_pread
 .text.node_id_restore
                0x000000000000481a       0x38 contiki-sky.a(node-id.o)
                0x000000000000481a                node_id_restore
 .text.process_thread_sensors_process
                0x0000000000004852       0xbe contiki-sky.a(sensors.o)
 .text.sensors_changed
                0x0000000000004910       0x2a contiki-sky.a(sensors.o)
                0x0000000000004910                sensors_changed
 .text.get_object
                0x000000000000493a        0x4 contiki-sky.a(cc2420.o)
 .text.set_object
                0x000000000000493e        0x4 contiki-sky.a(cc2420.o)
 .text.strobe   0x0000000000004942       0x20 contiki-sky.a(cc2420.o)
 .text.getreg   0x0000000000004962       0x54 contiki-sky.a(cc2420.o)
 .text.setreg   0x00000000000049b6       0x52 contiki-sky.a(cc2420.o)
 .text.write_ram
                0x0000000000004a08       0x80 contiki-sky.a(cc2420.o)
 .text.write_fifo_buf
                0x0000000000004a88       0x40 contiki-sky.a(cc2420.o)
 .text.get_status
                0x0000000000004ac8       0x24 contiki-sky.a(cc2420.o)
 .text.set_txpower
                0x0000000000004aec       0x26 contiki-sky.a(cc2420.o)
 .text.cc2420_receiving_packet
                0x0000000000004b12        0xe contiki-sky.a(cc2420.o)
 .text.pending_packet
                0x0000000000004b20        0x8 contiki-sky.a(cc2420.o)
 .text.on       0x0000000000004b28       0x26 contiki-sky.a(cc2420.o)
 .text.wait_for_transmission
                0x0000000000004b4e       0x22 contiki-sky.a(cc2420.o)
 .text.wait_for_status
                0x0000000000004b70       0x2a contiki-sky.a(cc2420.o)
 .text.getrxdata
                0x0000000000004b9a       0x56 contiki-sky.a(cc2420.o)
 .text.flushrx  0x0000000000004bf0       0x1a contiki-sky.a(cc2420.o)
 .text.off      0x0000000000004c0a       0x62 contiki-sky.a(cc2420.o)
 .text.RELEASE_LOCK
                0x0000000000004c6c       0x28 contiki-sky.a(cc2420.o)
 .text.set_key  0x0000000000004c94       0x18 contiki-sky.a(cc2420.o)
 .text.set_frame_filtering
                0x0000000000004cac       0x30 contiki-sky.a(cc2420.o)
 .text.set_auto_ack
                0x0000000000004cdc       0x30 contiki-sky.a(cc2420.o)
 .text.set_poll_mode
                0x0000000000004d0c       0x36 contiki-sky.a(cc2420.o)
 .text.cc2420_prepare
                0x0000000000004d42       0x3c contiki-sky.a(cc2420.o)
 .text.cc2420_on
                0x0000000000004d7e       0x22 contiki-sky.a(cc2420.o)
                0x0000000000004d7e                cc2420_on
 .text.cc2420_off
                0x0000000000004da0       0x30 contiki-sky.a(cc2420.o)
                0x0000000000004da0                cc2420_off
 .text.cc2420_cca
                0x0000000000004dd0       0x5e contiki-sky.a(cc2420.o)
 .text.cc2420_read
                0x0000000000004e2e       0xc0 contiki-sky.a(cc2420.o)
 .text.process_thread_cc2420_process
                0x0000000000004eee       0x58 contiki-sky.a(cc2420.o)
 .text.encrypt  0x0000000000004f46       0x8e contiki-sky.a(cc2420.o)
 .text.cc2420_set_channel
                0x0000000000004fd4       0x3c contiki-sky.a(cc2420.o)
                0x0000000000004fd4                cc2420_set_channel
 .text.cc2420_set_pan_addr
                0x0000000000005010       0x4c contiki-sky.a(cc2420.o)
                0x0000000000005010                cc2420_set_pan_addr
 .text.cc2420_interrupt
                0x000000000000505c       0x18 contiki-sky.a(cc2420.o)
                0x000000000000505c                cc2420_interrupt
 .text.cc2420_set_txpower
                0x0000000000005074        0xe contiki-sky.a(cc2420.o)
                0x0000000000005074                cc2420_set_txpower
 .text.cc2420_get_txpower
                0x0000000000005082       0x1e contiki-sky.a(cc2420.o)
                0x0000000000005082                cc2420_get_txpower
 .text.cc2420_transmit
                0x00000000000050a0      0x114 contiki-sky.a(cc2420.o)
 .text.cc2420_send
                0x00000000000051b4       0x12 contiki-sky.a(cc2420.o)
 .text.cc2420_rssi
                0x00000000000051c6       0x4c contiki-sky.a(cc2420.o)
                0x00000000000051c6                cc2420_rssi
 .text.get_value
                0x0000000000005212      0x108 contiki-sky.a(cc2420.o)
 .text.cc2420_set_cca_threshold
                0x000000000000531a       0x16 contiki-sky.a(cc2420.o)
                0x000000000000531a                cc2420_set_cca_threshold
 .text.set_value
                0x0000000000005330       0xba contiki-sky.a(cc2420.o)
 .text.cc2420_init
                0x00000000000053ea       0xf0 contiki-sky.a(cc2420.o)
                0x00000000000053ea                cc2420_init
 .text.cc2420_port1_interrupt
                0x00000000000054da       0x62 contiki-sky.a(cc2420-arch.o)
                0x00000000000054da                __isr_4
                0x00000000000054da                cc2420_port1_interrupt
 .text.cc2420_arch_init
                0x000000000000553c       0x1a contiki-sky.a(cc2420-arch.o)
                0x000000000000553c                cc2420_arch_init
 .text.handle_rxdma_timer
                0x0000000000005556       0x3a contiki-sky.a(uart1.o)
 .text.uart1_active
                0x0000000000005590       0x1a contiki-sky.a(uart1.o)
                0x0000000000005590                uart1_active
 .text.uart1_set_input
                0x00000000000055aa       0x20 contiki-sky.a(uart1.o)
                0x00000000000055aa                uart1_set_input
 .text.uart1_writeb
                0x00000000000055ca       0x1a contiki-sky.a(uart1.o)
                0x00000000000055ca                uart1_writeb
 .text.uart1_init
                0x00000000000055e4       0xf6 contiki-sky.a(uart1.o)
                0x00000000000055e4                uart1_init
 .text.putchar  0x00000000000056da       0x10 contiki-sky.a(uart1-putchar.o)
                0x00000000000056da                putchar
 .text.msp430_init_dco
                0x00000000000056ea       0x84 contiki-sky.a(msp430.o)
                0x00000000000056ea                msp430_init_dco
 .text.msp430_add_lpm_req
                0x000000000000576e        0xc contiki-sky.a(msp430.o)
                0x000000000000576e                msp430_add_lpm_req
 .text.msp430_cpu_init
                0x000000000000577a       0x2a contiki-sky.a(msp430.o)
                0x000000000000577a                msp430_cpu_init
 .text.splhigh_
                0x00000000000057a4        0x8 contiki-sky.a(msp430.o)
                0x00000000000057a4                splhigh_
 .text.msp430_sync_dco
                0x00000000000057ac       0x68 contiki-sky.a(msp430.o)
                0x00000000000057ac                msp430_sync_dco
 .text.timera1  0x0000000000005814      0x11e contiki-sky.a(clock.o)
                0x0000000000005814                __isr_5
                0x0000000000005814                timera1
 .text.clock_time
                0x0000000000005932       0x1a contiki-sky.a(clock.o)
                0x0000000000005932                clock_time
 .text.clock_init
                0x000000000000594c       0x28 contiki-sky.a(clock.o)
                0x000000000000594c                clock_init
 .text.clock_delay
                0x0000000000005974        0xc contiki-sky.a(clock.o)
                0x0000000000005974                clock_delay
 .text.show_leds
                0x0000000000005980       0xf6 contiki-sky.a(leds.o)
 .text.leds_init
                0x0000000000005a76        0xa contiki-sky.a(leds.o)
                0x0000000000005a76                leds_init
 .text.leds_on  0x0000000000005a80        0xa contiki-sky.a(leds.o)
                0x0000000000005a80                leds_on
 .text.leds_off
                0x0000000000005a8a        0xe contiki-sky.a(leds.o)
                0x0000000000005a8a                leds_off
 .text.leds_arch_init
                0x0000000000005a98        0xe contiki-sky.a(leds-arch.o)
                0x0000000000005a98                leds_arch_init
 .text.leds_arch_set
                0x0000000000005aa6       0x3a contiki-sky.a(leds-arch.o)
                0x0000000000005aa6                leds_arch_set
 .text.watchdog_interrupt
                0x0000000000005ae0        0x6 contiki-sky.a(watchdog.o)
                0x0000000000005ae0                __isr_10
                0x0000000000005ae0                watchdog_interrupt
 .text.watchdog_start
                0x0000000000005ae6       0x14 contiki-sky.a(watchdog.o)
                0x0000000000005ae6                watchdog_start
 .text.watchdog_periodic
                0x0000000000005afa       0x12 contiki-sky.a(watchdog.o)
                0x0000000000005afa                watchdog_periodic
 .text.watchdog_stop
                0x0000000000005b0c       0x16 contiki-sky.a(watchdog.o)
                0x0000000000005b0c                watchdog_stop
 .text.watchdog_init
                0x0000000000005b22       0x14 contiki-sky.a(watchdog.o)
                0x0000000000005b22                watchdog_init
 .text.rtimer_arch_init
                0x0000000000005b36        0xe contiki-sky.a(rtimer-arch.o)
                0x0000000000005b36                rtimer_arch_init
 .text.rtimer_arch_now
                0x0000000000005b44        0xe contiki-sky.a(rtimer-arch.o)
                0x0000000000005b44                rtimer_arch_now
 .text.timera0  0x0000000000005b52       0x70 contiki-sky.a(rtimer-arch.o)
                0x0000000000005b52                __isr_6
                0x0000000000005b52                timera0
 .text.rtimer_arch_schedule
                0x0000000000005bc2        0x6 contiki-sky.a(rtimer-arch.o)
                0x0000000000005bc2                rtimer_arch_schedule
 .text.process_thread_ctimer_process
                0x0000000000005bc8       0xa4 contiki-sky.a(ctimer.o)
 .text.ctimer_init
                0x0000000000005c6c       0x18 contiki-sky.a(ctimer.o)
                0x0000000000005c6c                ctimer_init
 .text.ctimer_set_with_process
                0x0000000000005c84       0x4e contiki-sky.a(ctimer.o)
                0x0000000000005c84                ctimer_set_with_process
 .text.ctimer_set
                0x0000000000005cd2       0x10 contiki-sky.a(ctimer.o)
                0x0000000000005cd2                ctimer_set
 .text.ctimer_reset
                0x0000000000005ce2       0x30 contiki-sky.a(ctimer.o)
                0x0000000000005ce2                ctimer_reset
 .text.ctimer_stop
                0x0000000000005d12       0x28 contiki-sky.a(ctimer.o)
                0x0000000000005d12                ctimer_stop
 .text.autostart_start
                0x0000000000005d3a       0x16 contiki-sky.a(autostart.o)
                0x0000000000005d3a                autostart_start
 .text.energest_init
                0x0000000000005d50       0x28 contiki-sky.a(energest.o)
                0x0000000000005d50                energest_init
 .text.energest_type_time
                0x0000000000005d78       0x46 contiki-sky.a(energest.o)
                0x0000000000005d78                energest_type_time
 .text.energest_type_set
                0x0000000000005dbe        0xe contiki-sky.a(energest.o)
                0x0000000000005dbe                energest_type_set
 .text.energest_flush
                0x0000000000005dcc       0x48 contiki-sky.a(energest.o)
                0x0000000000005dcc                energest_flush
 .text.update_time
                0x0000000000005e14       0x78 contiki-sky.a(etimer.o)
 .text.etimer_request_poll
                0x0000000000005e8c        0xa contiki-sky.a(etimer.o)
                0x0000000000005e8c                etimer_request_poll
 .text.process_thread_etimer_process
                0x0000000000005e96       0xc8 contiki-sky.a(etimer.o)
 .text.add_timer
                0x0000000000005f5e       0x40 contiki-sky.a(etimer.o)
 .text.etimer_set
                0x0000000000005f9e       0x12 contiki-sky.a(etimer.o)
                0x0000000000005f9e                etimer_set
 .text.etimer_reset
                0x0000000000005fb0       0x12 contiki-sky.a(etimer.o)
                0x0000000000005fb0                etimer_reset
 .text.etimer_expired
                0x0000000000005fc2        0xe contiki-sky.a(etimer.o)
                0x0000000000005fc2                etimer_expired
 .text.etimer_pending
                0x0000000000005fd0        0xc contiki-sky.a(etimer.o)
                0x0000000000005fd0                etimer_pending
 .text.etimer_next_expiration_time
                0x0000000000005fdc       0x16 contiki-sky.a(etimer.o)
                0x0000000000005fdc                etimer_next_expiration_time
 .text.etimer_stop
                0x0000000000005ff2       0x3c contiki-sky.a(etimer.o)
                0x0000000000005ff2                etimer_stop
 .text.call_process
                0x000000000000602e       0x4a contiki-sky.a(process.o)
 .text.exit_process
                0x0000000000006078       0x96 contiki-sky.a(process.o)
 .text.do_poll  0x000000000000610e       0x30 contiki-sky.a(process.o)
 .text.process_alloc_event
                0x000000000000613e        0xe contiki-sky.a(process.o)
                0x000000000000613e                process_alloc_event
 .text.process_init
                0x000000000000614c       0x1c contiki-sky.a(process.o)
                0x000000000000614c                process_init
 .text.process_run
                0x0000000000006168       0x92 contiki-sky.a(process.o)
                0x0000000000006168                process_run
 .text.process_nevents
                0x00000000000061fa        0xe contiki-sky.a(process.o)
                0x00000000000061fa                process_nevents
 .text.process_post
                0x0000000000006208       0x4e contiki-sky.a(process.o)
                0x0000000000006208                process_post
 .text.process_post_synch
                0x0000000000006256       0x12 contiki-sky.a(process.o)
                0x0000000000006256                process_post_synch
 .text.process_start
                0x0000000000006268       0x32 contiki-sky.a(process.o)
                0x0000000000006268                process_start
 .text.process_poll
                0x000000000000629a       0x18 contiki-sky.a(process.o)
                0x000000000000629a                process_poll
 .text.rtimer_init
                0x00000000000062b2        0x6 contiki-sky.a(rtimer.o)
                0x00000000000062b2                rtimer_init
 .text.rtimer_run_next
                0x00000000000062b8       0x26 contiki-sky.a(rtimer.o)
                0x00000000000062b8                rtimer_run_next
 .text.timer_set
                0x00000000000062de       0x1c contiki-sky.a(timer.o)
                0x00000000000062de                timer_set
 .text.timer_reset
                0x00000000000062fa        0xe contiki-sky.a(timer.o)
                0x00000000000062fa                timer_reset
 .text.timer_expired
                0x0000000000006308       0x2a contiki-sky.a(timer.o)
                0x0000000000006308                timer_expired
 .text.process_thread_serial_line_process
                0x0000000000006332       0x9c contiki-sky.a(serial-line.o)
 .text.serial_line_input_byte
                0x00000000000063ce       0x4a contiki-sky.a(serial-line.o)
                0x00000000000063ce                serial_line_input_byte
 .text.serial_line_init
                0x0000000000006418       0x1c contiki-sky.a(serial-line.o)
                0x0000000000006418                serial_line_init
 .text.list_init
                0x0000000000006434        0x6 contiki-sky.a(list.o)
                0x0000000000006434                list_init
 .text.list_head
                0x000000000000643a        0x4 contiki-sky.a(list.o)
                0x000000000000643a                list_head
 .text.list_tail
                0x000000000000643e       0x12 contiki-sky.a(list.o)
                0x000000000000643e                list_tail
 .text.list_remove
                0x0000000000006450       0x34 contiki-sky.a(list.o)
                0x0000000000006450                list_remove
 .text.list_add
                0x0000000000006484       0x2a contiki-sky.a(list.o)
                0x0000000000006484                list_add
 .text.list_length
                0x00000000000064ae       0x10 contiki-sky.a(list.o)
                0x00000000000064ae                list_length
 .text.list_item_next
                0x00000000000064be        0xc contiki-sky.a(list.o)
                0x00000000000064be                list_item_next
 .text.random_init
                0x00000000000064ca        0x6 contiki-sky.a(random.o)
                0x00000000000064ca                random_init
 .text.random_rand
                0x00000000000064d0        0x6 contiki-sky.a(random.o)
                0x00000000000064d0                random_rand
 .text.ringbuf_init
                0x00000000000064d6       0x14 contiki-sky.a(ringbuf.o)
                0x00000000000064d6                ringbuf_init
 .text.ringbuf_put
                0x00000000000064ea       0x38 contiki-sky.a(ringbuf.o)
                0x00000000000064ea                ringbuf_put
 .text.ringbuf_get
                0x0000000000006522       0x34 contiki-sky.a(ringbuf.o)
                0x0000000000006522                ringbuf_get
 .text.input_packet
                0x0000000000006556        0x6 contiki-sky.a(csma.o)
 .text.on       0x000000000000655c        0x6 contiki-sky.a(csma.o)
 .text.off      0x0000000000006562        0x6 contiki-sky.a(csma.o)
 .text.channel_check_interval
                0x0000000000006568       0x10 contiki-sky.a(csma.o)
 .text.transmit_packet_list
                0x0000000000006578       0x24 contiki-sky.a(csma.o)
 .text.schedule_transmission
                0x000000000000659c       0x94 contiki-sky.a(csma.o)
 .text.send_packet
                0x0000000000006630      0x164 contiki-sky.a(csma.o)
 .text.init     0x0000000000006794       0x1a contiki-sky.a(csma.o)
 .text.tx_done  0x00000000000067ae       0x98 contiki-sky.a(csma.o)
 .text.packet_sent
                0x0000000000006846       0xd2 contiki-sky.a(csma.o)
 .text.mac_call_sent_callback
                0x0000000000006918       0x14 contiki-sky.a(mac.o)
                0x0000000000006918                mac_call_sent_callback
 .text.queuebuf_new_from_packetbuf
                0x000000000000692c       0x52 contiki-sky.a(queuebuf.o)
                0x000000000000692c                queuebuf_new_from_packetbuf
 .text.queuebuf_update_attr_from_packetbuf
                0x000000000000697e       0x12 contiki-sky.a(queuebuf.o)
                0x000000000000697e                queuebuf_update_attr_from_packetbuf
 .text.queuebuf_free
                0x0000000000006990       0x2a contiki-sky.a(queuebuf.o)
                0x0000000000006990                queuebuf_free
 .text.queuebuf_attr
                0x00000000000069ba        0xe contiki-sky.a(queuebuf.o)
                0x00000000000069ba                queuebuf_attr
 .text.packetbuf_set_datalen
                0x00000000000069c8        0x6 contiki-sky.a(packetbuf.o)
                0x00000000000069c8                packetbuf_set_datalen
 .text.packetbuf_hdrlen
                0x00000000000069ce        0xa contiki-sky.a(packetbuf.o)
                0x00000000000069ce                packetbuf_hdrlen
 .text.packetbuf_dataptr
                0x00000000000069d8        0xc contiki-sky.a(packetbuf.o)
                0x00000000000069d8                packetbuf_dataptr
 .text.packetbuf_copyto
                0x00000000000069e4       0x46 contiki-sky.a(packetbuf.o)
                0x00000000000069e4                packetbuf_copyto
 .text.packetbuf_attr_clear
                0x0000000000006a2a       0x28 contiki-sky.a(packetbuf.o)
                0x0000000000006a2a                packetbuf_attr_clear
 .text.packetbuf_clear
                0x0000000000006a52       0x12 contiki-sky.a(packetbuf.o)
                0x0000000000006a52                packetbuf_clear
 .text.packetbuf_attr_copyto
                0x0000000000006a64       0x20 contiki-sky.a(packetbuf.o)
                0x0000000000006a64                packetbuf_attr_copyto
 .text.linkaddr_copy
                0x0000000000006a84        0xc contiki-sky.a(linkaddr.o)
                0x0000000000006a84                linkaddr_copy
 .text.linkaddr_cmp
                0x0000000000006a90       0x12 contiki-sky.a(linkaddr.o)
                0x0000000000006a90                linkaddr_cmp
 .text.linkaddr_set_node_addr
                0x0000000000006aa2        0xc contiki-sky.a(linkaddr.o)
                0x0000000000006aa2                linkaddr_set_node_addr
 .text.init     0x0000000000006aae        0x2 contiki-sky.a(nullsec.o)
 .text.send     0x0000000000006ab0        0xa contiki-sky.a(nullsec.o)
 .text.input    0x0000000000006aba        0x6 contiki-sky.a(nullsec.o)
 .text.spi_init
                0x0000000000006ac0       0x32 contiki-sky.a(spi.o)
                0x0000000000006ac0                spi_init
 .text.memb_init
                0x0000000000006af2       0x36 contiki-sky.a(memb.o)
                0x0000000000006af2                memb_init
 .text.memb_alloc
                0x0000000000006b28       0x3e contiki-sky.a(memb.o)
                0x0000000000006b28                memb_alloc
 .text.memb_free
                0x0000000000006b66       0x3a contiki-sky.a(memb.o)
                0x0000000000006b66                memb_free
 .text.memb_inmemb
                0x0000000000006ba0       0x2e contiki-sky.a(memb.o)
                0x0000000000006ba0                memb_inmemb
 .text.libgcc   0x0000000000006bce       0x2c /usr/lib/gcc/msp430/4.6.3/mmpy-16/libgcc.a(_mulsi3.o)
                0x0000000000006bce                __mulsi3
 .text.libgcc   0x0000000000006bfa       0x40 /usr/lib/gcc/msp430/4.6.3/mmpy-16/libgcc.a(_udivmod32.o)
                0x0000000000006bfa                __udivsi3
                0x0000000000006bfa                __ext_udivmod32
                0x0000000000006c30                __umodsi3
 .text          0x0000000000006c3a       0x20 /usr/lib/gcc/msp430/4.6.3/../../../../msp430/lib/mmpy-16/libc.a(memcmp.o)
                0x0000000000006c3a                memcmp
 .text          0x0000000000006c5a       0xfa /usr/lib/gcc/msp430/4.6.3/../../../../msp430/lib/mmpy-16/libc.a(memcpy.o)
                0x0000000000006c5a                memcpy
 .text          0x0000000000006d54       0x6a /usr/lib/gcc/msp430/4.6.3/../../../../msp430/lib/mmpy-16/libc.a(memset.o)
                0x0000000000006d54                memset
 .text          0x0000000000006dbe       0x1e /usr/lib/gcc/msp430/4.6.3/../../../../msp430/lib/mmpy-16/libc.a(printf.o)
                0x0000000000006dbe                printf
                0x0000000000006dce                vprintf
 .text          0x0000000000006ddc      0x836 /usr/lib/gcc/msp430/4.6.3/../../../../msp430/lib/mmpy-16/libc.a(vuprintf.o)
                0x0000000000006f74                vuprintf
 .text          0x0000000000007612       0x2c /usr/lib/gcc/msp430/4.6.3/../../../../msp430/lib/mmpy-16/libc.a(puts.o)
                0x0000000000007612                puts
 .text          0x000000000000763e       0x54 /usr/lib/gcc/msp430/4.6.3/../../../../msp430/lib/mmpy-16/libc.a(rand.o)
                0x000000000000763e                rand_r
                0x0000000000007662                rand
                0x0000000000007688                srand
 .text.libgcc   0x0000000000007692       0x22 /usr/lib/gcc/msp430/4.6.3/mmpy-16/libgcc.a(_udivmod16.o)
                0x0000000000007692                __udivhi3
                0x0000000000007692                __ext_udivmod16
                0x00000000000076ac                __umodhi3
 .text.libgcc   0x00000000000076b4       0xf0 /usr/lib/gcc/msp430/4.6.3/mmpy-16/libgcc.a(_udivmod64.o)
                0x00000000000076b4                __xabi_udivmod64
                0x0000000000007712                __udivdi3
                0x0000000000007738                __umoddi3
                0x0000000000007766                __udivmoddi4
 .text.crt0     0x00000000000077a4        0x2 /usr/lib/gcc/msp430/4.6.3/mmpy-16/libcrt0.a(_unexpected_.o)
                0x00000000000077a4                _unexpected_
                0x00000000000077a6                . = ALIGN (0x2)

.rodata         0x00000000000077a6      0x274
                0x00000000000077a6                . = ALIGN (0x2)
 *(.rodata .rodata.* .gnu.linkonce.r.*)
 .rodata        0x00000000000077a6       0x7c app.co
                0x000000000000780a                autostart_processes
 .rodata        0x0000000000007822       0x18 obj_sky/nd-rdc.o
                0x000000000000782a                nd_rdc_driver
 .rodata        0x000000000000783a       0x18 obj_sky/nd-netstack.o
                0x000000000000784c                nd_driver
 .rodata        0x0000000000007852       0xe7 obj_sky/contiki-sky-main.o
 *fill*         0x0000000000007939        0x1 00
 .rodata        0x000000000000793a       0x10 contiki-sky.a(button-sensor.o)
                0x0000000000007942                button_sensor
 .rodata        0x000000000000794a        0x8 contiki-sky.a(sensors.o)
 .rodata        0x0000000000007952       0x70 contiki-sky.a(cc2420.o)
                0x0000000000007984                cc2420_aes_128_driver
                0x0000000000007988                cc2420_driver
 .rodata        0x00000000000079c2        0xf contiki-sky.a(ctimer.o)
 .rodata        0x00000000000079d1        0xc contiki-sky.a(etimer.o)
 .rodata        0x00000000000079dd        0xe contiki-sky.a(serial-line.o)
 *fill*         0x00000000000079eb        0x1 00
 .rodata        0x00000000000079ec       0x14 contiki-sky.a(csma.o)
                0x00000000000079f2                csma_driver
 .rodata        0x0000000000007a00        0x2 contiki-sky.a(linkaddr.o)
                0x0000000000007a00                linkaddr_null
 .rodata        0x0000000000007a02       0x10 contiki-sky.a(nullsec.o)
                0x0000000000007a0a                nullsec_driver
 .rodata        0x0000000000007a12        0x7 /usr/lib/gcc/msp430/4.6.3/../../../../msp430/lib/mmpy-16/libc.a(vuprintf.o)
                0x0000000000007a1a                . = ALIGN (0x2)
 *fill*         0x0000000000007a19        0x1 00
                0x0000000000007a1a                _etext = .

.data           0x0000000000001100       0x74 load address 0x0000000000007a1a
                0x0000000000001100                . = ALIGN (0x2)
                0x0000000000001100                PROVIDE (__data_start, .)
 *(.data .data.* .gnu.linkonce.d.*)
 .data          0x0000000000001100        0xe app.co
                0x0000000000001100                app_process
                0x000000000000110a                rcb
 .data          0x000000000000110e        0x4 contiki-sky.a(contiki-sky-pla)
                0x000000000000110e                sensors
 .data          0x0000000000001112        0xa contiki-sky.a(sensors.o)
                0x0000000000001112                sensors_process
 .data          0x000000000000111c        0xc contiki-sky.a(cc2420.o)
                0x000000000000111c                cc2420_process
 .data          0x0000000000001128        0x2 contiki-sky.a(msp430.o)
 .data          0x000000000000112a        0xa contiki-sky.a(ctimer.o)
                0x000000000000112a                ctimer_process
 .data          0x0000000000001134        0xa contiki-sky.a(etimer.o)
                0x0000000000001134                etimer_process
 .data          0x000000000000113e        0xa contiki-sky.a(serial-line.o)
                0x000000000000113e                serial_line_process
 .data          0x0000000000001148       0x18 contiki-sky.a(csma.o)
 .data          0x0000000000001160       0x10 contiki-sky.a(queuebuf.o)
 .data          0x0000000000001170        0x4 /usr/lib/gcc/msp430/4.6.3/../../../../msp430/lib/mmpy-16/libc.a(rand.o)
                0x0000000000001174                . = ALIGN (0x2)
                0x0000000000001174                _edata = .
                0x0000000000007a1a                PROVIDE (__data_load_start, LOADADDR (.data))
                0x0000000000000074                PROVIDE (__data_size, SIZEOF (.data))

.bss            0x0000000000001174      0xeee load address 0x0000000000007a8e
                0x0000000000001174                PROVIDE (__bss_start, .)
 *(.bss .bss.*)
 .bss           0x0000000000001174        0xe app.co
 .bss           0x0000000000001182        0xc obj_sky/contiki-sky-main.o
 .bss           0x000000000000118e        0x8 contiki-sky.a(button-sensor.o)
 .bss           0x0000000000001196        0x2 contiki-sky.a(node-id.o)
                0x0000000000001196                node_id
 .bss           0x0000000000001198        0x6 contiki-sky.a(sensors.o)
 .bss           0x000000000000119e        0xa contiki-sky.a(cc2420.o)
 .bss           0x00000000000011a8       0x9a contiki-sky.a(uart1.o)
 .bss           0x0000000000001242        0xa contiki-sky.a(clock.o)
 .bss           0x000000000000124c        0x1 contiki-sky.a(leds.o)
 *fill*         0x000000000000124d        0x1 00
 .bss           0x000000000000124e        0x2 contiki-sky.a(watchdog.o)
 .bss           0x0000000000001250        0x4 contiki-sky.a(ctimer.o)
 .bss           0x0000000000001254        0x6 contiki-sky.a(etimer.o)
 .bss           0x000000000000125a       0x38 contiki-sky.a(process.o)
                0x000000000000125a                process_current
                0x000000000000125c                process_list
 .bss           0x0000000000001292        0x2 contiki-sky.a(rtimer.o)
 .bss           0x0000000000001294      0x10a contiki-sky.a(serial-line.o)
 .bss           0x000000000000139e      0x124 contiki-sky.a(csma.o)
 .bss           0x00000000000014c2      0xa80 contiki-sky.a(queuebuf.o)
 .bss           0x0000000000001f42       0x86 contiki-sky.a(packetbuf.o)
 *(COMMON)
 COMMON         0x0000000000001fc8        0x2 contiki-sky.a(contiki-sky-pla)
                0x0000000000001fc8                sensors_flags
 COMMON         0x0000000000001fca        0x8 contiki-sky.a(ds2411.o)
                0x0000000000001fca                ds2411_id
 COMMON         0x0000000000001fd2        0x1 contiki-sky.a(sensors.o)
                0x0000000000001fd2                sensors_event
 *fill*         0x0000000000001fd3        0x1 00
 COMMON         0x0000000000001fd4       0x10 contiki-sky.a(cc2420.o)
                0x0000000000001fd4                cc2420_last_rssi
                0x0000000000001fd6                cc2420_sfd_start_time
                0x0000000000001fd8                cc2420_time_of_departure
                0x0000000000001fda                cc2420_time_of_arrival
                0x0000000000001fdc                cc2420_last_correlation
                0x0000000000001fde                cc2420_authority_level_of_sender
                0x0000000000001fe0                cc2420_sfd_counter
                0x0000000000001fe2                cc2420_sfd_end_time
 COMMON         0x0000000000001fe4        0x2 contiki-sky.a(msp430.o)
                0x0000000000001fe4                msp430_dco_required
 COMMON         0x0000000000001fe6       0x56 contiki-sky.a(energest.o)
                0x0000000000001fe6                energest_total_time
                0x0000000000002016                energest_total_count
                0x0000000000002018                energest_current_mode
                0x0000000000002024                energest_current_time
 COMMON         0x000000000000203c        0x1 contiki-sky.a(process.o)
                0x000000000000203c                process_maxevents
 COMMON         0x000000000000203d        0x1 contiki-sky.a(serial-line.o)
                0x000000000000203d                serial_line_event_message
 COMMON         0x000000000000203e       0x22 contiki-sky.a(packetbuf.o)
                0x000000000000203e                packetbuf_addrs
                0x0000000000002042                packetbuf_attrs
 COMMON         0x0000000000002060        0x2 contiki-sky.a(linkaddr.o)
                0x0000000000002060                linkaddr_node_addr
                0x0000000000002062                . = ALIGN (0x2)
                0x0000000000002062                PROVIDE (__bss_end, .)
                0x0000000000000eee                PROVIDE (__bss_size, SIZEOF (.bss))

.noinit         0x0000000000002062        0x2 load address 0x0000000000007a8e
                0x0000000000002062                PROVIDE (__noinit_start, .)
 *(.noinit .noinit.*)
 .noinit.crt0   0x0000000000002062        0x2 /usr/lib/gcc/msp430/4.6.3/mmpy-16/libcrt0.a(__watchdog_support.o)
                0x0000000000002062                __wdt_clear_value
                0x0000000000002064                . = ALIGN (0x2)
                0x0000000000002064                PROVIDE (__noinit_end, .)
                0x0000000000002064                . = ALIGN (0x2)
                0x0000000000002064                _end = .

.infomem        0x0000000000001000        0x0
 *(.infomem)
                0x0000000000001000                . = ALIGN (0x2)
 *(.infomem.*)

.infomemnobits  0x0000000000001000        0x0
 *(.infomemnobits)
                0x0000000000001000                . = ALIGN (0x2)
 *(.infomemnobits.*)

.infoa
 *(.infoa .infoa.*)

.infob
 *(.infob .infob.*)

.infoc
 *(.infoc .infoc.*)

.infod
 *(.infod .infod.*)

.vectors        0x000000000000ffe0       0x20
                0x000000000000ffe0                PROVIDE (__vectors_start, .)
 *(.vectors*)
 .vectors       0x000000000000ffe0       0x20 /usr/lib/gcc/msp430/4.6.3/mmpy-16/crt0ivtbl16.o
                0x000000000000ffe0                __ivtbl_16
                0x0000000000010000                _vectors_end = .

.fartext        0x0000000000000000        0x0
                0x0000000000000000                . = ALIGN (0x2)
 *(.fartext)
                0x0000000000000000                . = ALIGN (0x2)
 *(.fartext.*)
                0x0000000000000000                _efartext = .

.profiler
 *(.profiler)

.stab           0x0000000000000000    0x12528
 *(.stab)
 .stab          0x0000000000000000      0xe94 app.co
 .stab          0x0000000000000e94      0x390 obj_sky/nd.o
                                        0xcc0 (size before relaxing)
 .stab          0x0000000000001224      0x6a8 obj_sky/nd-rdc.o
                                        0xe28 (size before relaxing)
 .stab          0x00000000000018cc      0x2dc obj_sky/netstack.o
                                        0xbac (size before relaxing)
 .stab          0x0000000000001ba8      0x318 obj_sky/nd-netstack.o
                                        0xc30 (size before relaxing)
 .stab          0x0000000000001ec0     0x129c obj_sky/contiki-sky-main.o
                                       0x17a0 (size before relaxing)
 .stab          0x000000000000315c      0x264 contiki-sky.a(contiki-sky-pla)
                                        0x5b8 (size before relaxing)
 .stab          0x00000000000033c0      0x468 contiki-sky.a(button-sensor.o)
                                        0x7d4 (size before relaxing)
 .stab          0x0000000000003828      0x624 contiki-sky.a(ds2411.o)
                                        0xb40 (size before relaxing)
 .stab          0x0000000000003e4c      0xbac contiki-sky.a(xmem.o)
                                        0xf60 (size before relaxing)
 .stab          0x00000000000049f8      0x2b8 contiki-sky.a(node-id.o)
                                        0x4e0 (size before relaxing)
 .stab          0x0000000000004cb0      0x654 contiki-sky.a(sensors.o)
                                        0xb70 (size before relaxing)
 .stab          0x0000000000005304     0x28bc contiki-sky.a(cc2420.o)
                                       0x2fe8 (size before relaxing)
 .stab          0x0000000000007bc0      0xb4c contiki-sky.a(cc2420-arch.o)
                                       0x13f8 (size before relaxing)
 .stab          0x000000000000870c      0x60c contiki-sky.a(uart1.o)
                                        0x960 (size before relaxing)
 .stab          0x0000000000008d18      0x234 contiki-sky.a(uart1-putchar.o)
                                        0x588 (size before relaxing)
 .stab          0x0000000000008f4c      0x744 contiki-sky.a(msp430.o)
                                        0xa98 (size before relaxing)
 .stab          0x0000000000009690      0x948 contiki-sky.a(clock.o)
                                        0xc9c (size before relaxing)
 .stab          0x0000000000009fd8      0x5dc contiki-sky.a(leds.o)
                                        0x828 (size before relaxing)
 .stab          0x000000000000a5b4      0x3a8 contiki-sky.a(leds-arch.o)
                                        0x6fc (size before relaxing)
 .stab          0x000000000000a95c      0x3fc contiki-sky.a(watchdog.o)
                                        0x750 (size before relaxing)
 .stab          0x000000000000ad58      0x3cc contiki-sky.a(rtimer-arch.o)
                                        0x720 (size before relaxing)
 .stab          0x000000000000b124      0x858 contiki-sky.a(ctimer.o)
                                        0xbc4 (size before relaxing)
 .stab          0x000000000000b97c      0x294 contiki-sky.a(autostart.o)
                                        0x534 (size before relaxing)
 .stab          0x000000000000bc10      0x474 contiki-sky.a(energest.o)
                                        0x6fc (size before relaxing)
 .stab          0x000000000000c084      0xabc contiki-sky.a(etimer.o)
                                        0xd8c (size before relaxing)
 .stab          0x000000000000cb40      0xba0 contiki-sky.a(process.o)
                                       0x1038 (size before relaxing)
 .stab          0x000000000000d6e0      0x3d8 contiki-sky.a(rtimer.o)
                                        0x6c0 (size before relaxing)
 .stab          0x000000000000dab8      0x354 contiki-sky.a(timer.o)
                                        0x594 (size before relaxing)
 .stab          0x000000000000de0c      0x534 contiki-sky.a(serial-line.o)
                                        0xa50 (size before relaxing)
 .stab          0x000000000000e340      0x7f8 contiki-sky.a(list.o)
                                        0x804 (size before relaxing)
 .stab          0x000000000000eb38      0x24c contiki-sky.a(random.o)
                                        0x624 (size before relaxing)
 .stab          0x000000000000ed84      0x3fc contiki-sky.a(ringbuf.o)
                                        0x63c (size before relaxing)
 .stab          0x000000000000f180      0xce4 contiki-sky.a(csma.o)
                                       0x165c (size before relaxing)
 .stab          0x000000000000fe64      0x1f8 contiki-sky.a(mac.o)
                                        0x4ec (size before relaxing)
 .stab          0x000000000001005c      0xa5c contiki-sky.a(queuebuf.o)
                                       0x1884 (size before relaxing)
 .stab          0x0000000000010ab8      0xc24 contiki-sky.a(packetbuf.o)
                                       0x1a64 (size before relaxing)
 .stab          0x00000000000116dc      0x2c4 contiki-sky.a(linkaddr.o)
                                        0x6c0 (size before relaxing)
 .stab          0x00000000000119a0      0x3c0 contiki-sky.a(nullsec.o)
                                        0xcf0 (size before relaxing)
 .stab          0x0000000000011d60      0x204 contiki-sky.a(spi.o)
                                        0x42c (size before relaxing)
 .stab          0x0000000000011f64      0x5c4 contiki-sky.a(memb.o)
                                        0xaf8 (size before relaxing)

.stabstr        0x0000000000000000    0x10670
 *(.stabstr)
 .stabstr       0x0000000000000000    0x10670 app.co

.stab.excl
 *(.stab.excl)

.stab.exclstr
 *(.stab.exclstr)

.stab.index
 *(.stab.index)

.stab.indexstr
 *(.stab.indexstr)

.comment
 *(.comment)

.debug
 *(.debug)

.line
 *(.line)

.debug_srcinfo
 *(.debug_srcinfo)

.debug_sfnames
 *(.debug_sfnames)

.debug_aranges  0x0000000000000000      0x168
 *(.debug_aranges)
 .debug_aranges
                0x0000000000000000       0x14 /usr/lib/gcc/msp430/4.6.3/mmpy-16/libgcc.a(_mulsi3.o)
 .debug_aranges
                0x0000000000000014       0x14 /usr/lib/gcc/msp430/4.6.3/mmpy-16/libgcc.a(_udivmod32.o)
 .debug_aranges
                0x0000000000000028       0x14 /usr/lib/gcc/msp430/4.6.3/../../../../msp430/lib/mmpy-16/libc.a(strncmp.o)
 .debug_aranges
                0x000000000000003c       0x14 /usr/lib/gcc/msp430/4.6.3/../../../../msp430/lib/mmpy-16/libc.a(memcmp.o)
 .debug_aranges
                0x0000000000000050       0x14 /usr/lib/gcc/msp430/4.6.3/../../../../msp430/lib/mmpy-16/libc.a(memcpy.o)
 .debug_aranges
                0x0000000000000064       0x14 /usr/lib/gcc/msp430/4.6.3/../../../../msp430/lib/mmpy-16/libc.a(memset.o)
 .debug_aranges
                0x0000000000000078       0x14 /usr/lib/gcc/msp430/4.6.3/../../../../msp430/lib/mmpy-16/libc.a(printf.o)
 .debug_aranges
                0x000000000000008c       0x14 /usr/lib/gcc/msp430/4.6.3/../../../../msp430/lib/mmpy-16/libc.a(vuprintf.o)
 .debug_aranges
                0x00000000000000a0       0x14 /usr/lib/gcc/msp430/4.6.3/../../../../msp430/lib/mmpy-16/libc.a(puts.o)
 .debug_aranges
                0x00000000000000b4       0x14 /usr/lib/gcc/msp430/4.6.3/../../../../msp430/lib/mmpy-16/libc.a(rand.o)
 .debug_aranges
                0x00000000000000c8       0x14 /usr/lib/gcc/msp430/4.6.3/mmpy-16/libgcc.a(_udivmod16.o)
 .debug_aranges
                0x00000000000000dc       0x14 /usr/lib/gcc/msp430/4.6.3/mmpy-16/libgcc.a(_udivmod64.o)
 .debug_aranges
                0x00000000000000f0       0x14 /usr/lib/gcc/msp430/4.6.3/mmpy-16/libcrt0.a(__watchdog_support.o)
 .debug_aranges
                0x0000000000000104       0x14 /usr/lib/gcc/msp430/4.6.3/mmpy-16/libcrt0.a(__init_stack.o)
 .debug_aranges
                0x0000000000000118       0x14 /usr/lib/gcc/msp430/4.6.3/mmpy-16/libcrt0.a(_copy_data.o)
 .debug_aranges
                0x000000000000012c       0x14 /usr/lib/gcc/msp430/4.6.3/mmpy-16/libcrt0.a(_clear_bss.o)
 .debug_aranges
                0x0000000000000140       0x14 /usr/lib/gcc/msp430/4.6.3/mmpy-16/libcrt0.a(_endless_loop__.o)
 .debug_aranges
                0x0000000000000154       0x14 /usr/lib/gcc/msp430/4.6.3/mmpy-16/libcrt0.a(_unexpected_.o)

.debug_pubnames
 *(.debug_pubnames)

.debug_info     0x0000000000000000     0x139b
 *(.debug_info)
 .debug_info    0x0000000000000000       0xd6 /usr/lib/gcc/msp430/4.6.3/mmpy-16/libgcc.a(_mulsi3.o)
 .debug_info    0x00000000000000d6       0xd6 /usr/lib/gcc/msp430/4.6.3/mmpy-16/libgcc.a(_udivmod32.o)
 .debug_info    0x00000000000001ac       0xbb /usr/lib/gcc/msp430/4.6.3/../../../../msp430/lib/mmpy-16/libc.a(strncmp.o)
 .debug_info    0x0000000000000267       0xe8 /usr/lib/gcc/msp430/4.6.3/../../../../msp430/lib/mmpy-16/libc.a(memcmp.o)
 .debug_info    0x000000000000034f      0x113 /usr/lib/gcc/msp430/4.6.3/../../../../msp430/lib/mmpy-16/libc.a(memcpy.o)
 .debug_info    0x0000000000000462       0xfe /usr/lib/gcc/msp430/4.6.3/../../../../msp430/lib/mmpy-16/libc.a(memset.o)
 .debug_info    0x0000000000000560      0x105 /usr/lib/gcc/msp430/4.6.3/../../../../msp430/lib/mmpy-16/libc.a(printf.o)
 .debug_info    0x0000000000000665      0x565 /usr/lib/gcc/msp430/4.6.3/../../../../msp430/lib/mmpy-16/libc.a(vuprintf.o)
 .debug_info    0x0000000000000bca       0x96 /usr/lib/gcc/msp430/4.6.3/../../../../msp430/lib/mmpy-16/libc.a(puts.o)
 .debug_info    0x0000000000000c60      0x13f /usr/lib/gcc/msp430/4.6.3/../../../../msp430/lib/mmpy-16/libc.a(rand.o)
 .debug_info    0x0000000000000d9f       0xd6 /usr/lib/gcc/msp430/4.6.3/mmpy-16/libgcc.a(_udivmod16.o)
 .debug_info    0x0000000000000e75       0xd6 /usr/lib/gcc/msp430/4.6.3/mmpy-16/libgcc.a(_udivmod64.o)
 .debug_info    0x0000000000000f4b       0xb8 /usr/lib/gcc/msp430/4.6.3/mmpy-16/libcrt0.a(__watchdog_support.o)
 .debug_info    0x0000000000001003       0xb8 /usr/lib/gcc/msp430/4.6.3/mmpy-16/libcrt0.a(__init_stack.o)
 .debug_info    0x00000000000010bb       0xb8 /usr/lib/gcc/msp430/4.6.3/mmpy-16/libcrt0.a(_copy_data.o)
 .debug_info    0x0000000000001173       0xb8 /usr/lib/gcc/msp430/4.6.3/mmpy-16/libcrt0.a(_clear_bss.o)
 .debug_info    0x000000000000122b       0xb8 /usr/lib/gcc/msp430/4.6.3/mmpy-16/libcrt0.a(_endless_loop__.o)
 .debug_info    0x00000000000012e3       0xb8 /usr/lib/gcc/msp430/4.6.3/mmpy-16/libcrt0.a(_unexpected_.o)
 *(.gnu.linkonce.wi.*)

.debug_abbrev   0x0000000000000000      0x721
 *(.debug_abbrev)
 .debug_abbrev  0x0000000000000000       0x14 /usr/lib/gcc/msp430/4.6.3/mmpy-16/libgcc.a(_mulsi3.o)
 .debug_abbrev  0x0000000000000014       0x14 /usr/lib/gcc/msp430/4.6.3/mmpy-16/libgcc.a(_udivmod32.o)
 .debug_abbrev  0x0000000000000028       0x7c /usr/lib/gcc/msp430/4.6.3/../../../../msp430/lib/mmpy-16/libc.a(strncmp.o)
 .debug_abbrev  0x00000000000000a4       0x9b /usr/lib/gcc/msp430/4.6.3/../../../../msp430/lib/mmpy-16/libc.a(memcmp.o)
 .debug_abbrev  0x000000000000013f       0x97 /usr/lib/gcc/msp430/4.6.3/../../../../msp430/lib/mmpy-16/libc.a(memcpy.o)
 .debug_abbrev  0x00000000000001d6       0x9c /usr/lib/gcc/msp430/4.6.3/../../../../msp430/lib/mmpy-16/libc.a(memset.o)
 .debug_abbrev  0x0000000000000272       0xd0 /usr/lib/gcc/msp430/4.6.3/../../../../msp430/lib/mmpy-16/libc.a(printf.o)
 .debug_abbrev  0x0000000000000342      0x1ef /usr/lib/gcc/msp430/4.6.3/../../../../msp430/lib/mmpy-16/libc.a(vuprintf.o)
 .debug_abbrev  0x0000000000000531       0x60 /usr/lib/gcc/msp430/4.6.3/../../../../msp430/lib/mmpy-16/libc.a(puts.o)
 .debug_abbrev  0x0000000000000591       0xf0 /usr/lib/gcc/msp430/4.6.3/../../../../msp430/lib/mmpy-16/libc.a(rand.o)
 .debug_abbrev  0x0000000000000681       0x14 /usr/lib/gcc/msp430/4.6.3/mmpy-16/libgcc.a(_udivmod16.o)
 .debug_abbrev  0x0000000000000695       0x14 /usr/lib/gcc/msp430/4.6.3/mmpy-16/libgcc.a(_udivmod64.o)
 .debug_abbrev  0x00000000000006a9       0x14 /usr/lib/gcc/msp430/4.6.3/mmpy-16/libcrt0.a(__watchdog_support.o)
 .debug_abbrev  0x00000000000006bd       0x14 /usr/lib/gcc/msp430/4.6.3/mmpy-16/libcrt0.a(__init_stack.o)
 .debug_abbrev  0x00000000000006d1       0x14 /usr/lib/gcc/msp430/4.6.3/mmpy-16/libcrt0.a(_copy_data.o)
 .debug_abbrev  0x00000000000006e5       0x14 /usr/lib/gcc/msp430/4.6.3/mmpy-16/libcrt0.a(_clear_bss.o)
 .debug_abbrev  0x00000000000006f9       0x14 /usr/lib/gcc/msp430/4.6.3/mmpy-16/libcrt0.a(_endless_loop__.o)
 .debug_abbrev  0x000000000000070d       0x14 /usr/lib/gcc/msp430/4.6.3/mmpy-16/libcrt0.a(_unexpected_.o)

.debug_line     0x0000000000000000      0xc6f
 *(.debug_line)
 .debug_line    0x0000000000000000       0xa3 /usr/lib/gcc/msp430/4.6.3/mmpy-16/libgcc.a(_mulsi3.o)
 .debug_line    0x00000000000000a3       0xab /usr/lib/gcc/msp430/4.6.3/mmpy-16/libgcc.a(_udivmod32.o)
 .debug_line    0x000000000000014e       0x75 /usr/lib/gcc/msp430/4.6.3/../../../../msp430/lib/mmpy-16/libc.a(strncmp.o)
 .debug_line    0x00000000000001c3       0x73 /usr/lib/gcc/msp430/4.6.3/../../../../msp430/lib/mmpy-16/libc.a(memcmp.o)
 .debug_line    0x0000000000000236       0xe9 /usr/lib/gcc/msp430/4.6.3/../../../../msp430/lib/mmpy-16/libc.a(memcpy.o)
 .debug_line    0x000000000000031f       0xc8 /usr/lib/gcc/msp430/4.6.3/../../../../msp430/lib/mmpy-16/libc.a(memset.o)
 .debug_line    0x00000000000003e7       0x72 /usr/lib/gcc/msp430/4.6.3/../../../../msp430/lib/mmpy-16/libc.a(printf.o)
 .debug_line    0x0000000000000459      0x2d2 /usr/lib/gcc/msp430/4.6.3/../../../../msp430/lib/mmpy-16/libc.a(vuprintf.o)
 .debug_line    0x000000000000072b       0x4d /usr/lib/gcc/msp430/4.6.3/../../../../msp430/lib/mmpy-16/libc.a(puts.o)
 .debug_line    0x0000000000000778       0x4f /usr/lib/gcc/msp430/4.6.3/../../../../msp430/lib/mmpy-16/libc.a(rand.o)
 .debug_line    0x00000000000007c7       0x9c /usr/lib/gcc/msp430/4.6.3/mmpy-16/libgcc.a(_udivmod16.o)
 .debug_line    0x0000000000000863       0xf1 /usr/lib/gcc/msp430/4.6.3/mmpy-16/libgcc.a(_udivmod64.o)
 .debug_line    0x0000000000000954       0x84 /usr/lib/gcc/msp430/4.6.3/mmpy-16/libcrt0.a(__watchdog_support.o)
 .debug_line    0x00000000000009d8       0x82 /usr/lib/gcc/msp430/4.6.3/mmpy-16/libcrt0.a(__init_stack.o)
 .debug_line    0x0000000000000a5a       0x88 /usr/lib/gcc/msp430/4.6.3/mmpy-16/libcrt0.a(_copy_data.o)
 .debug_line    0x0000000000000ae2       0x88 /usr/lib/gcc/msp430/4.6.3/mmpy-16/libcrt0.a(_clear_bss.o)
 .debug_line    0x0000000000000b6a       0x83 /usr/lib/gcc/msp430/4.6.3/mmpy-16/libcrt0.a(_endless_loop__.o)
 .debug_line    0x0000000000000bed       0x82 /usr/lib/gcc/msp430/4.6.3/mmpy-16/libcrt0.a(_unexpected_.o)

.debug_frame    0x0000000000000000      0x1ec
 *(.debug_frame)
 .debug_frame   0x0000000000000000       0x24 /usr/lib/gcc/msp430/4.6.3/../../../../msp430/lib/mmpy-16/libc.a(strncmp.o)
 .debug_frame   0x0000000000000024       0x24 /usr/lib/gcc/msp430/4.6.3/../../../../msp430/lib/mmpy-16/libc.a(memcmp.o)
 .debug_frame   0x0000000000000048       0x38 /usr/lib/gcc/msp430/4.6.3/../../../../msp430/lib/mmpy-16/libc.a(memcpy.o)
 .debug_frame   0x0000000000000080       0x32 /usr/lib/gcc/msp430/4.6.3/../../../../msp430/lib/mmpy-16/libc.a(memset.o)
 .debug_frame   0x00000000000000b2       0x2a /usr/lib/gcc/msp430/4.6.3/../../../../msp430/lib/mmpy-16/libc.a(printf.o)
 .debug_frame   0x00000000000000dc       0xb0 /usr/lib/gcc/msp430/4.6.3/../../../../msp430/lib/mmpy-16/libc.a(vuprintf.o)
 .debug_frame   0x000000000000018c       0x24 /usr/lib/gcc/msp430/4.6.3/../../../../msp430/lib/mmpy-16/libc.a(puts.o)
 .debug_frame   0x00000000000001b0       0x3c /usr/lib/gcc/msp430/4.6.3/../../../../msp430/lib/mmpy-16/libc.a(rand.o)

.debug_str      0x0000000000000000      0x3dc
 *(.debug_str)
 .debug_str     0x0000000000000000       0xc4 /usr/lib/gcc/msp430/4.6.3/../../../../msp430/lib/mmpy-16/libc.a(strncmp.o)
                                         0xfd (size before relaxing)
 .debug_str     0x00000000000000c4       0x19 /usr/lib/gcc/msp430/4.6.3/../../../../msp430/lib/mmpy-16/libc.a(memcmp.o)
                                         0xfb (size before relaxing)
 .debug_str     0x00000000000000dd       0x34 /usr/lib/gcc/msp430/4.6.3/../../../../msp430/lib/mmpy-16/libc.a(memcpy.o)
                                        0x116 (size before relaxing)
 .debug_str     0x0000000000000111       0x26 /usr/lib/gcc/msp430/4.6.3/../../../../msp430/lib/mmpy-16/libc.a(memset.o)
                                        0x114 (size before relaxing)
 .debug_str     0x0000000000000137       0x40 /usr/lib/gcc/msp430/4.6.3/../../../../msp430/lib/mmpy-16/libc.a(printf.o)
                                        0x12a (size before relaxing)
 .debug_str     0x0000000000000177      0x221 /usr/lib/gcc/msp430/4.6.3/../../../../msp430/lib/mmpy-16/libc.a(vuprintf.o)
                                        0x375 (size before relaxing)
 .debug_str     0x0000000000000398       0x15 /usr/lib/gcc/msp430/4.6.3/../../../../msp430/lib/mmpy-16/libc.a(puts.o)
                                         0xf0 (size before relaxing)
 .debug_str     0x00000000000003ad       0x2f /usr/lib/gcc/msp430/4.6.3/../../../../msp430/lib/mmpy-16/libc.a(rand.o)
                                        0x10f (size before relaxing)

.debug_loc      0x0000000000000000      0xaf3
 *(.debug_loc)
 .debug_loc     0x0000000000000000       0x38 /usr/lib/gcc/msp430/4.6.3/../../../../msp430/lib/mmpy-16/libc.a(strncmp.o)
 .debug_loc     0x0000000000000038       0x5e /usr/lib/gcc/msp430/4.6.3/../../../../msp430/lib/mmpy-16/libc.a(memcmp.o)
 .debug_loc     0x0000000000000096      0x1f0 /usr/lib/gcc/msp430/4.6.3/../../../../msp430/lib/mmpy-16/libc.a(memcpy.o)
 .debug_loc     0x0000000000000286       0xdb /usr/lib/gcc/msp430/4.6.3/../../../../msp430/lib/mmpy-16/libc.a(memset.o)
 .debug_loc     0x0000000000000361       0x38 /usr/lib/gcc/msp430/4.6.3/../../../../msp430/lib/mmpy-16/libc.a(printf.o)
 .debug_loc     0x0000000000000399      0x705 /usr/lib/gcc/msp430/4.6.3/../../../../msp430/lib/mmpy-16/libc.a(vuprintf.o)
 .debug_loc     0x0000000000000a9e       0x26 /usr/lib/gcc/msp430/4.6.3/../../../../msp430/lib/mmpy-16/libc.a(puts.o)
 .debug_loc     0x0000000000000ac4       0x2f /usr/lib/gcc/msp430/4.6.3/../../../../msp430/lib/mmpy-16/libc.a(rand.o)

.debug_macinfo
 *(.debug_macinfo)

.debug_pubtypes
 *(.debug_pubtypes)

.debug_ranges   0x0000000000000000       0x18
 *(.debug_ranges)
 .debug_ranges  0x0000000000000000       0x18 /usr/lib/gcc/msp430/4.6.3/../../../../msp430/lib/mmpy-16/libc.a(vuprintf.o)
                0x0000000000003900                PROVIDE (__stack, (ORIGIN (ram) + 0x2800))
                0x0000000000007a1a                PROVIDE (__data_start_rom, _etext)
                0x0000000000007a8e                PROVIDE (__data_end_rom, (_etext + SIZEOF (.data)))
OUTPUT(app.sky elf32-msp430)
