Archive member included because of file (symbol)

contiki-sky.a(contiki-sky-pla)
                              obj_sky/contiki-sky-main.o (init_platform)
contiki-sky.a(button-sensor.o)
                              contiki-sky.a(contiki-sky-pla) (button_sensor)
contiki-sky.a(ds2411.o)       obj_sky/contiki-sky-main.o (ds2411_init)
contiki-sky.a(xmem.o)         obj_sky/contiki-sky-main.o (xmem_init)
contiki-sky.a(node-id.o)      obj_sky/contiki-sky-main.o (node_id_restore)
contiki-sky.a(sensors.o)      contiki-sky.a(button-sensor.o) (sensors_changed)
contiki-sky.a(cc2420.o)       obj_sky/contiki-sky-main.o (cc2420_set_pan_addr)
contiki-sky.a(cc2420-arch.o)  contiki-sky.a(cc2420.o) (cc2420_arch_init)
contiki-sky.a(uart1.o)        obj_sky/contiki-sky-main.o (uart1_active)
contiki-sky.a(uart1-putchar.o)
                              obj_sky/contiki-sky-main.o (putchar)
contiki-sky.a(msp430.o)       contiki-sky.a(uart1.o) (msp430_add_lpm_req)
contiki-sky.a(clock.o)        obj_sky/contiki-sky-main.o (clock_init)
contiki-sky.a(leds.o)         obj_sky/contiki-sky-main.o (leds_init)
contiki-sky.a(leds-arch.o)    contiki-sky.a(leds.o) (leds_arch_init)
contiki-sky.a(watchdog.o)     obj_sky/contiki-sky-main.o (watchdog_start)
contiki-sky.a(rtimer-arch.o)  obj_sky/contiki-sky-main.o (rtimer_arch_now)
contiki-sky.a(ctimer.o)       obj_sky/contiki-sky-main.o (ctimer_init)
contiki-sky.a(autostart.o)    obj_sky/contiki-sky-main.o (autostart_start)
contiki-sky.a(energest.o)     obj_sky/contiki-sky-main.o (energest_init)
contiki-sky.a(etimer.o)       contiki-sky.a(clock.o) (etimer_request_poll)
contiki-sky.a(process.o)      contiki-sky.a(ctimer.o) (process_current)
contiki-sky.a(rtimer.o)       app.co (rtimer_init)
contiki-sky.a(timer.o)        obj_sky/contiki-sky-main.o (timer_set)
contiki-sky.a(serial-line.o)  obj_sky/contiki-sky-main.o (serial_line_input_byte)
contiki-sky.a(list.o)         contiki-sky.a(ctimer.o) (list_init)
contiki-sky.a(random.o)       obj_sky/contiki-sky-main.o (random_init)
contiki-sky.a(assert.o)       obj_sky/nd.o (_xassert)
contiki-sky.a(ringbuf.o)      contiki-sky.a(serial-line.o) (ringbuf_init)
contiki-sky.a(csma.o)         obj_sky/contiki-sky-main.o (csma_driver)
contiki-sky.a(mac.o)          contiki-sky.a(csma.o) (mac_call_sent_callback)
contiki-sky.a(queuebuf.o)     contiki-sky.a(csma.o) (queuebuf_new_from_packetbuf)
contiki-sky.a(packetbuf.o)    contiki-sky.a(cc2420.o) (packetbuf_set_datalen)
contiki-sky.a(linkaddr.o)     obj_sky/contiki-sky-main.o (linkaddr_copy)
contiki-sky.a(nullsec.o)      obj_sky/contiki-sky-main.o (nullsec_driver)
contiki-sky.a(spi.o)          contiki-sky.a(xmem.o) (spi_init)
contiki-sky.a(memb.o)         contiki-sky.a(csma.o) (memb_init)
/usr/lib/gcc/msp430/4.6.3/mmpy-16/libgcc.a(_mulsi3.o)
                              contiki-sky.a(csma.o) (__mulsi3)
/usr/lib/gcc/msp430/4.6.3/mmpy-16/libgcc.a(_udivmod32.o)
                              obj_sky/contiki-sky-main.o (__udivsi3)
/usr/lib/gcc/msp430/4.6.3/../../../../msp430/lib/mmpy-16/libc.a(strncmp.o)
                              contiki-sky.a(sensors.o) (strncmp)
/usr/lib/gcc/msp430/4.6.3/../../../../msp430/lib/mmpy-16/libc.a(memcmp.o)
                              contiki-sky.a(linkaddr.o) (memcmp)
/usr/lib/gcc/msp430/4.6.3/../../../../msp430/lib/mmpy-16/libc.a(memcpy.o)
                              obj_sky/lpwf_packet.o (memcpy)
/usr/lib/gcc/msp430/4.6.3/../../../../msp430/lib/mmpy-16/libc.a(memset.o)
                              obj_sky/contiki-sky-main.o (memset)
/usr/lib/gcc/msp430/4.6.3/../../../../msp430/lib/mmpy-16/libc.a(printf.o)
                              app.co (printf)
/usr/lib/gcc/msp430/4.6.3/../../../../msp430/lib/mmpy-16/libc.a(vuprintf.o)
                              /usr/lib/gcc/msp430/4.6.3/../../../../msp430/lib/mmpy-16/libc.a(printf.o) (vuprintf)
/usr/lib/gcc/msp430/4.6.3/../../../../msp430/lib/mmpy-16/libc.a(puts.o)
                              obj_sky/nd.o (puts)
/usr/lib/gcc/msp430/4.6.3/../../../../msp430/lib/mmpy-16/libc.a(rand.o)
                              contiki-sky.a(random.o) (rand)
/usr/lib/gcc/msp430/4.6.3/mmpy-16/libgcc.a(_udivmod16.o)
                              /usr/lib/gcc/msp430/4.6.3/../../../../msp430/lib/mmpy-16/libc.a(vuprintf.o) (__udivhi3)
/usr/lib/gcc/msp430/4.6.3/mmpy-16/libgcc.a(_udivmod64.o)
                              /usr/lib/gcc/msp430/4.6.3/../../../../msp430/lib/mmpy-16/libc.a(vuprintf.o) (__udivdi3)
/usr/lib/gcc/msp430/4.6.3/mmpy-16/libcrt0.a(_reset_vector__.o)
                              (_reset_vector__)
/usr/lib/gcc/msp430/4.6.3/mmpy-16/libcrt0.a(__watchdog_support.o)
                              /usr/lib/gcc/msp430/4.6.3/mmpy-16/libcrt0.a(_reset_vector__.o) (__watchdog_support)
/usr/lib/gcc/msp430/4.6.3/mmpy-16/libcrt0.a(__init_stack.o)
                              /usr/lib/gcc/msp430/4.6.3/mmpy-16/libcrt0.a(_reset_vector__.o) (__init_stack)
/usr/lib/gcc/msp430/4.6.3/mmpy-16/libcrt0.a(__low_level_init.o)
[...]
Memory Configuration

Name             Origin             Length             Attributes
sfr              0x0000000000000000 0x0000000000000010
peripheral_8bit  0x0000000000000010 0x00000000000000f0
peripheral_16bit 0x0000000000000100 0x0000000000000100
ram_mirror       0x0000000000000200 0x0000000000000800 xw
infomem          0x0000000000001000 0x0000000000000100
infob            0x0000000000001000 0x0000000000000080
infoa            0x0000000000001080 0x0000000000000080
ram              0x0000000000001100 0x0000000000002800 xw
rom              0x0000000000004000 0x000000000000bfe0 xr
vectors          0x000000000000ffe0 0x0000000000000020
bsl              0x0000000000000000 0x0000000000000000
infoc            0x0000000000000000 0x0000000000000000
infod            0x0000000000000000 0x0000000000000000
ram2             0x0000000000000000 0x0000000000000000 xw
usbram           0x0000000000000000 0x0000000000000000 xw
far_rom          0x0000000000000000 0x0000000000000000
*default*        0x0000000000000000 0xffffffffffffffff

Linker script and memory map

LOAD /usr/lib/gcc/msp430/4.6.3/mmpy-16/crt0ivtbl16.o
LOAD app.co
LOAD obj_sky/nd.o
LOAD obj_sky/nd-rdc.o
LOAD obj_sky/netstack.o
LOAD obj_sky/nd-netstack.o
LOAD obj_sky/lpwf_packet.o
LOAD obj_sky/contiki-sky-main.o
LOAD contiki-sky.a
LOAD /usr/lib/gcc/msp430/4.6.3/mmpy-16/libgcc.a
LOAD /usr/lib/gcc/msp430/4.6.3/../../../../msp430/lib/mmpy-16/libc.a
LOAD /usr/lib/gcc/msp430/4.6.3/mmpy-16/libgcc.a
LOAD /usr/lib/gcc/msp430/4.6.3/mmpy-16/libcrt0.a
                0x0000000000000080                PROVIDE (__info_segment_size, 0x80)
                0x0000000000001000                PROVIDE (__infob, 0x1000)
                0x0000000000001080                PROVIDE (__infoa, 0x1080)
                0x0000000000000000                __IE1 = 0x0
                0x0000000000000002                __IFG1 = 0x2
                0x0000000000000004                __ME1 = 0x4
                0x0000000000000001                __IE2 = 0x1
                0x0000000000000003                __IFG2 = 0x3
                0x0000000000000005                __ME2 = 0x5
                0x0000000000000120                __WDTCTL = 0x120
                0x0000000000000130                __MPY = 0x130
                0x0000000000000132                __MPYS = 0x132
                0x0000000000000134                __MAC = 0x134
                0x0000000000000136                __MACS = 0x136
                0x0000000000000138                __OP2 = 0x138
                0x000000000000013a                __RESLO = 0x13a
                0x000000000000013c                __RESHI = 0x13c
                0x000000000000013e                __SUMEXT = 0x13e
                0x0000000000000020                __P1IN = 0x20
                0x0000000000000021                __P1OUT = 0x21
                0x0000000000000022                __P1DIR = 0x22
                0x0000000000000023                __P1IFG = 0x23
                0x0000000000000024                __P1IES = 0x24
                0x0000000000000025                __P1IE = 0x25
                0x0000000000000026                __P1SEL = 0x26
                0x0000000000000028                __P2IN = 0x28
                0x0000000000000029                __P2OUT = 0x29
                0x000000000000002a                __P2DIR = 0x2a
                0x000000000000002b                __P2IFG = 0x2b
                0x000000000000002c                __P2IES = 0x2c
                0x000000000000002d                __P2IE = 0x2d
                0x000000000000002e                __P2SEL = 0x2e
                0x0000000000000018                __P3IN = 0x18
                0x0000000000000019                __P3OUT = 0x19
                0x000000000000001a                __P3DIR = 0x1a
                0x000000000000001b                __P3SEL = 0x1b
                0x000000000000001c                __P4IN = 0x1c
                0x000000000000001d                __P4OUT = 0x1d
                0x000000000000001e                __P4DIR = 0x1e
                0x000000000000001f                __P4SEL = 0x1f
                0x0000000000000030                __P5IN = 0x30
                0x0000000000000031                __P5OUT = 0x31
                0x0000000000000032                __P5DIR = 0x32
                0x0000000000000033                __P5SEL = 0x33
                0x0000000000000034                __P6IN = 0x34
                0x0000000000000035                __P6OUT = 0x35
                0x0000000000000036                __P6DIR = 0x36
                0x0000000000000037                __P6SEL = 0x37
                0x0000000000000070                __U0CTL = 0x70
                0x0000000000000071                __U0TCTL = 0x71
                0x0000000000000072                __U0RCTL = 0x72
                0x0000000000000073                __U0MCTL = 0x73
                0x0000000000000074                __U0BR0 = 0x74
                0x0000000000000075                __U0BR1 = 0x75
                0x0000000000000076                __U0RXBUF = 0x76
                0x0000000000000077                __U0TXBUF = 0x77
                0x0000000000000078                __U1CTL = 0x78
                0x0000000000000079                __U1TCTL = 0x79
                0x000000000000007a                __U1RCTL = 0x7a
                0x000000000000007b                __U1MCTL = 0x7b
                0x000000000000007c                __U1BR0 = 0x7c
                0x000000000000007d                __U1BR1 = 0x7d
                0x000000000000007e                __U1RXBUF = 0x7e
                0x000000000000007f                __U1TXBUF = 0x7f
                0x0000000000000050                __I2CIE = 0x50
                0x0000000000000051                __I2CIFG = 0x51
                0x0000000000000052                __I2CNDAT = 0x52
                0x0000000000000071                __I2CTCTL = 0x71
                0x0000000000000072                __I2CDCTL = 0x72
                0x0000000000000073                __I2CPSC = 0x73
                0x0000000000000074                __I2CSCLH = 0x74
                0x0000000000000075                __I2CSCLL = 0x75
                0x0000000000000076                __I2CDRB = 0x76
                0x0000000000000076                __I2CDRW = 0x76
                0x0000000000000118                __I2COA = 0x118
                0x000000000000011a                __I2CSA = 0x11a
                0x000000000000011c                __I2CIV = 0x11c
                0x000000000000012e                __TAIV = 0x12e
                0x0000000000000160                __TACTL = 0x160
                0x0000000000000162                __TACCTL0 = 0x162
                0x0000000000000164                __TACCTL1 = 0x164
                0x0000000000000166                __TACCTL2 = 0x166
                0x0000000000000170                __TAR = 0x170
                0x0000000000000172                __TACCR0 = 0x172
                0x0000000000000174                __TACCR1 = 0x174
                0x0000000000000176                __TACCR2 = 0x176
                0x000000000000011e                __TBIV = 0x11e
                0x0000000000000180                __TBCTL = 0x180
                0x0000000000000182                __TBCCTL0 = 0x182
                0x0000000000000184                __TBCCTL1 = 0x184
                0x0000000000000186                __TBCCTL2 = 0x186
                0x0000000000000188                __TBCCTL3 = 0x188
                0x000000000000018a                __TBCCTL4 = 0x18a
                0x000000000000018c                __TBCCTL5 = 0x18c
                0x000000000000018e                __TBCCTL6 = 0x18e
                0x0000000000000190                __TBR = 0x190
                0x0000000000000192                __TBCCR0 = 0x192
                0x0000000000000194                __TBCCR1 = 0x194
                0x0000000000000196                __TBCCR2 = 0x196
                0x0000000000000198                __TBCCR3 = 0x198
                0x000000000000019a                __TBCCR4 = 0x19a
                0x000000000000019c                __TBCCR5 = 0x19c
                0x000000000000019e                __TBCCR6 = 0x19e
                0x0000000000000056                __DCOCTL = 0x56
                0x0000000000000057                __BCSCTL1 = 0x57
                0x0000000000000058                __BCSCTL2 = 0x58
                0x0000000000000055                __SVSCTL = 0x55
                0x0000000000000128                __FCTL1 = 0x128
                0x000000000000012a                __FCTL2 = 0x12a
                0x000000000000012c                __FCTL3 = 0x12c
                0x0000000000000059                __CACTL1 = 0x59
                0x000000000000005a                __CACTL2 = 0x5a
                0x000000000000005b                __CAPD = 0x5b
                0x00000000000001a0                __ADC12CTL0 = 0x1a0
                0x00000000000001a2                __ADC12CTL1 = 0x1a2
                0x00000000000001a4                __ADC12IFG = 0x1a4
                0x00000000000001a6                __ADC12IE = 0x1a6
                0x00000000000001a8                __ADC12IV = 0x1a8
                0x0000000000000140                __ADC12MEM0 = 0x140
                0x0000000000000142                __ADC12MEM1 = 0x142
                0x0000000000000144                __ADC12MEM2 = 0x144
                0x0000000000000146                __ADC12MEM3 = 0x146
                0x0000000000000148                __ADC12MEM4 = 0x148
                0x000000000000014a                __ADC12MEM5 = 0x14a
                0x000000000000014c                __ADC12MEM6 = 0x14c
                0x000000000000014e                __ADC12MEM7 = 0x14e
                0x0000000000000150                __ADC12MEM8 = 0x150
                0x0000000000000152                __ADC12MEM9 = 0x152
                0x0000000000000154                __ADC12MEM10 = 0x154
                0x0000000000000156                __ADC12MEM11 = 0x156
                0x0000000000000158                __ADC12MEM12 = 0x158
                0x000000000000015a                __ADC12MEM13 = 0x15a
                0x000000000000015c                __ADC12MEM14 = 0x15c
                0x000000000000015e                __ADC12MEM15 = 0x15e
                0x0000000000000080                __ADC12MCTL0 = 0x80
                0x0000000000000081                __ADC12MCTL1 = 0x81
                0x0000000000000082                __ADC12MCTL2 = 0x82
                0x0000000000000083                __ADC12MCTL3 = 0x83
                0x0000000000000084                __ADC12MCTL4 = 0x84
                0x0000000000000085                __ADC12MCTL5 = 0x85
                0x0000000000000086                __ADC12MCTL6 = 0x86
                0x0000000000000087                __ADC12MCTL7 = 0x87
                0x0000000000000088                __ADC12MCTL8 = 0x88
                0x0000000000000089                __ADC12MCTL9 = 0x89
                0x000000000000008a                __ADC12MCTL10 = 0x8a
                0x000000000000008b                __ADC12MCTL11 = 0x8b
                0x000000000000008c                __ADC12MCTL12 = 0x8c
                0x000000000000008d                __ADC12MCTL13 = 0x8d
                0x000000000000008e                __ADC12MCTL14 = 0x8e
                0x000000000000008f                __ADC12MCTL15 = 0x8f
                0x00000000000001c0                __DAC12_0CTL = 0x1c0
                0x00000000000001c2                __DAC12_1CTL = 0x1c2
                0x00000000000001c8                __DAC12_0DAT = 0x1c8
                0x00000000000001ca                __DAC12_1DAT = 0x1ca
                0x0000000000000122                __DMACTL0 = 0x122
                0x0000000000000124                __DMACTL1 = 0x124
                0x00000000000001e0                __DMA0CTL = 0x1e0
                0x00000000000001e8                __DMA1CTL = 0x1e8
                0x00000000000001f0                __DMA2CTL = 0x1f0
                0x00000000000001e2                __DMA0SA = 0x1e2
                0x00000000000001e4                __DMA0DA = 0x1e4
                0x00000000000001e6                __DMA0SZ = 0x1e6
                0x00000000000001ea                __DMA1SA = 0x1ea
                0x00000000000001ec                __DMA1DA = 0x1ec
                0x00000000000001ee                __DMA1SZ = 0x1ee
                0x00000000000001f2                __DMA2SA = 0x1f2
                0x00000000000001f4                __DMA2DA = 0x1f4
                0x00000000000001f6                __DMA2SZ = 0x1f6

.hash
 *(.hash)

.dynsym
 *(.dynsym)

.dynstr
 *(.dynstr)

.gnu.version
 *(.gnu.version)

.gnu.version_d
 *(.gnu.version_d)

.gnu.version_r
 *(.gnu.version_r)

.rel.init
 *(.rel.init)

.rela.init
 *(.rela.init)

.rel.fini
 *(.rel.fini)

.rela.fini
 *(.rela.fini)

.rel.text
 *(.rel.text .rel.text.* .rel.gnu.linkonce.t.*)

.rela.text
 *(.rela.text .rela.text.* .rela.gnu.linkonce.t.*)

.rel.rodata
 *(.rel.rodata .rel.rodata.* .rel.gnu.linkonce.r.*)

.rela.rodata
 *(.rela.rodata .rela.rodata.* .rela.gnu.linkonce.r.*)

.rel.data
 *(.rel.data .rel.data.* .rel.gnu.linkonce.d.*)

.rela.data
 *(.rela.data .rela.data.* .rela.gnu.linkonce.d.*)

.rel.bss
 *(.rel.bss .rel.bss.* .rel.gnu.linkonce.b.*)

.rela.bss
 *(.rela.bss .rela.bss.* .rela.gnu.linkonce.b.*)

.rel.ctors
 *(.rel.ctors)

.rela.ctors
 *(.rela.ctors)

.rel.dtors
 *(.rel.dtors)

.rela.dtors
 *(.rela.dtors)

.rel.got
 *(.rel.got)

.rela.got
 *(.rela.got)

.rel.plt
 *(.rel.plt)

.rela.plt
 *(.rela.plt)

.text           0x0000000000004000     0x3858
                0x0000000000004000                . = ALIGN (0x2)
 *(.init .init.*)
 *(.init0)
 .init0         0x0000000000004000        0x0 /usr/lib/gcc/msp430/4.6.3/mmpy-16/libcrt0.a(_reset_vector__.o)
                0x0000000000004000                _reset_vector__
 *(.init1)
 .init1         0x0000000000004000        0xc /usr/lib/gcc/msp430/4.6.3/mmpy-16/libcrt0.a(__watchdog_support.o)
                0x0000000000004000                __watchdog_support
 *(.init2)
 .init2         0x000000000000400c        0x4 /usr/lib/gcc/msp430/4.6.3/mmpy-16/libcrt0.a(__init_stack.o)
                0x000000000000400c                __init_stack
 *(.init3)
 .init3         0x0000000000004010        0x0 /usr/lib/gcc/msp430/4.6.3/mmpy-16/libcrt0.a(__low_level_init.o)
                0x0000000000004010                __low_level_init
 *(.init4)
 .init4         0x0000000000004010       0x18 /usr/lib/gcc/msp430/4.6.3/mmpy-16/libcrt0.a(_copy_data.o)
                0x0000000000004010                __do_copy_data
 .init4         0x0000000000004028       0x16 /usr/lib/gcc/msp430/4.6.3/mmpy-16/libcrt0.a(_clear_bss.o)
                0x0000000000004028                __do_clear_bss
 *(.init5)
 *(.init6)
 *(.init7)
 *(.init8)
 *(.init9)
 .init9         0x000000000000403e      0x2da obj_sky/contiki-sky-main.o
                0x000000000000403e                main
 *(.fini9)
 .fini9         0x0000000000004318        0x0 /usr/lib/gcc/msp430/4.6.3/mmpy-16/libcrt0.a(__stop_progExec__.o)
                0x0000000000004318                __stop_progExec__
 *(.fini8)
 *(.fini7)
 *(.fini6)
 *(.fini5)
 *(.fini4)
 *(.fini3)
 *(.fini2)
 *(.fini1)
 *(.fini0)
 .fini0         0x0000000000004318        0x6 /usr/lib/gcc/msp430/4.6.3/mmpy-16/libcrt0.a(_endless_loop__.o)
                0x0000000000004318                _endless_loop__
 *(.fini .fini.*)
                0x000000000000431e                . = ALIGN (0x2)
                0x000000000000431e                __ctors_start = .
 *(.ctors)
                0x000000000000431e                __ctors_end = .
                0x000000000000431e                __dtors_start = .
 *(.dtors)
                0x000000000000431e                __dtors_end = .
                0x000000000000431e                . = ALIGN (0x2)
 *(.text .text.* .gnu.linkonce.t.*)
 .text          0x000000000000431e        0x4 /usr/lib/gcc/msp430/4.6.3/mmpy-16/crt0ivtbl16.o
                0x000000000000431e                __isr_14
                0x000000000000431e                __isr_11
                0x000000000000431e                __isr_2
                0x000000000000431e                __isr_7
                0x000000000000431e                __isr_0
                0x000000000000431e                __isr_8
                0x000000000000431e                __isr_3
                0x000000000000431e                __isr_12
                0x000000000000431e                __isr_13
                0x000000000000431e                __isr_9
 .text.nd_epoch_end_cb
                0x0000000000004322       0x14 app.co
 .text.nd_new_nbr_cb
                0x0000000000004336       0x14 app.co
 .text.process_thread_app_process
                0x000000000000434a       0x84 app.co
 .text.nd_recv  0x00000000000043ce       0x54 obj_sky/nd.o
                0x00000000000043ce                nd_recv
 .text.nd_start
                0x0000000000004422       0x10 obj_sky/nd.o
                0x0000000000004422                nd_start
 .text.send     0x0000000000004432        0x2 obj_sky/nd-rdc.o
 .text.send_list
                0x0000000000004434        0x2 obj_sky/nd-rdc.o
 .text.on       0x0000000000004436        0x8 obj_sky/nd-rdc.o
 .text.off      0x000000000000443e        0x2 obj_sky/nd-rdc.o
 .text.cca      0x0000000000004440        0x4 obj_sky/nd-rdc.o
 .text.init     0x0000000000004444        0x6 obj_sky/nd-rdc.o
 .text.input    0x000000000000444a        0x6 obj_sky/nd-rdc.o
 .text.input    0x0000000000004450        0x2 obj_sky/nd-netstack.o
 .text.init     0x0000000000004452        0x2 obj_sky/nd-netstack.o
 .text.lpwf_build_from_data
                0x0000000000004454       0x38 obj_sky/lpwf_packet.o
                0x0000000000004454                lpwf_build_from_data
 .text.lpwf_get_id
                0x000000000000448c       0x1c obj_sky/lpwf_packet.o
                0x000000000000448c                lpwf_get_id
 .text.init_platform
                0x00000000000044a8        0xc contiki-sky.a(contiki-sky-pla)
                0x00000000000044a8                init_platform
 .text.status   0x00000000000044b4       0x16 contiki-sky.a(button-sensor.o)
 .text.configure
                0x00000000000044ca       0x52 contiki-sky.a(button-sensor.o)
 .text.value    0x000000000000451c       0x22 contiki-sky.a(button-sensor.o)
 .text.irq_p2   0x000000000000453e       0x8a contiki-sky.a(button-sensor.o)
                0x000000000000453e                irq_p2
                0x000000000000453e                __isr_1
 .text.owreadb  0x00000000000045c8       0x52 contiki-sky.a(ds2411.o)
 .text.ds2411_init
                0x000000000000461a      0x122 contiki-sky.a(ds2411.o)
                0x000000000000461a                ds2411_init
 .text.wait_ready
                0x000000000000473c       0x50 contiki-sky.a(xmem.o)
 .text.xmem_init
                0x000000000000478c       0x3e contiki-sky.a(xmem.o)
                0x000000000000478c                xmem_init
 .text.xmem_pread
                0x00000000000047ca       0xea contiki-sky.a(xmem.o)
                0x00000000000047ca                xmem_pread
 .text.node_id_restore
                0x00000000000048b4       0x38 contiki-sky.a(node-id.o)
                0x00000000000048b4                node_id_restore
 .text.process_thread_sensors_process
                0x00000000000048ec       0xbe contiki-sky.a(sensors.o)
 .text.sensors_changed
                0x00000000000049aa       0x2a contiki-sky.a(sensors.o)
                0x00000000000049aa                sensors_changed
 .text.get_object
                0x00000000000049d4        0x4 contiki-sky.a(cc2420.o)
 .text.set_object
                0x00000000000049d8        0x4 contiki-sky.a(cc2420.o)
 .text.strobe   0x00000000000049dc       0x20 contiki-sky.a(cc2420.o)
 .text.getreg   0x00000000000049fc       0x54 contiki-sky.a(cc2420.o)
 .text.setreg   0x0000000000004a50       0x52 contiki-sky.a(cc2420.o)
 .text.write_ram
                0x0000000000004aa2       0x80 contiki-sky.a(cc2420.o)
 .text.write_fifo_buf
                0x0000000000004b22       0x40 contiki-sky.a(cc2420.o)
 .text.get_status
                0x0000000000004b62       0x24 contiki-sky.a(cc2420.o)
 .text.set_txpower
                0x0000000000004b86       0x26 contiki-sky.a(cc2420.o)
 .text.cc2420_receiving_packet
                0x0000000000004bac        0xe contiki-sky.a(cc2420.o)
 .text.pending_packet
                0x0000000000004bba        0x8 contiki-sky.a(cc2420.o)
 .text.on       0x0000000000004bc2       0x26 contiki-sky.a(cc2420.o)
 .text.wait_for_transmission
                0x0000000000004be8       0x22 contiki-sky.a(cc2420.o)
 .text.wait_for_status
                0x0000000000004c0a       0x2a contiki-sky.a(cc2420.o)
 .text.getrxdata
                0x0000000000004c34       0x56 contiki-sky.a(cc2420.o)
 .text.flushrx  0x0000000000004c8a       0x1a contiki-sky.a(cc2420.o)
 .text.off      0x0000000000004ca4       0x62 contiki-sky.a(cc2420.o)
 .text.RELEASE_LOCK
                0x0000000000004d06       0x28 contiki-sky.a(cc2420.o)
 .text.set_key  0x0000000000004d2e       0x18 contiki-sky.a(cc2420.o)
 .text.set_frame_filtering
                0x0000000000004d46       0x30 contiki-sky.a(cc2420.o)
 .text.set_auto_ack
                0x0000000000004d76       0x30 contiki-sky.a(cc2420.o)
 .text.set_poll_mode
                0x0000000000004da6       0x36 contiki-sky.a(cc2420.o)
 .text.cc2420_prepare
                0x0000000000004ddc       0x3c contiki-sky.a(cc2420.o)
 .text.cc2420_on
                0x0000000000004e18       0x22 contiki-sky.a(cc2420.o)
                0x0000000000004e18                cc2420_on
 .text.cc2420_off
                0x0000000000004e3a       0x30 contiki-sky.a(cc2420.o)
                0x0000000000004e3a                cc2420_off
 .text.cc2420_cca
                0x0000000000004e6a       0x5e contiki-sky.a(cc2420.o)
 .text.cc2420_read
                0x0000000000004ec8       0xc0 contiki-sky.a(cc2420.o)
 .text.process_thread_cc2420_process
                0x0000000000004f88       0x58 contiki-sky.a(cc2420.o)
 .text.encrypt  0x0000000000004fe0       0x8e contiki-sky.a(cc2420.o)
 .text.cc2420_set_channel
                0x000000000000506e       0x3c contiki-sky.a(cc2420.o)
                0x000000000000506e                cc2420_set_channel
 .text.cc2420_set_pan_addr
                0x00000000000050aa       0x4c contiki-sky.a(cc2420.o)
                0x00000000000050aa                cc2420_set_pan_addr
 .text.cc2420_interrupt
                0x00000000000050f6       0x18 contiki-sky.a(cc2420.o)
                0x00000000000050f6                cc2420_interrupt
 .text.cc2420_set_txpower
                0x000000000000510e        0xe contiki-sky.a(cc2420.o)
                0x000000000000510e                cc2420_set_txpower
 .text.cc2420_get_txpower
                0x000000000000511c       0x1e contiki-sky.a(cc2420.o)
                0x000000000000511c                cc2420_get_txpower
 .text.cc2420_transmit
                0x000000000000513a      0x114 contiki-sky.a(cc2420.o)
 .text.cc2420_send
                0x000000000000524e       0x12 contiki-sky.a(cc2420.o)
 .text.cc2420_rssi
                0x0000000000005260       0x4c contiki-sky.a(cc2420.o)
                0x0000000000005260                cc2420_rssi
 .text.get_value
                0x00000000000052ac      0x108 contiki-sky.a(cc2420.o)
 .text.cc2420_set_cca_threshold
                0x00000000000053b4       0x16 contiki-sky.a(cc2420.o)
                0x00000000000053b4                cc2420_set_cca_threshold
 .text.set_value
                0x00000000000053ca       0xba contiki-sky.a(cc2420.o)
 .text.cc2420_init
                0x0000000000005484       0xf0 contiki-sky.a(cc2420.o)
                0x0000000000005484                cc2420_init
 .text.cc2420_port1_interrupt
                0x0000000000005574       0x62 contiki-sky.a(cc2420-arch.o)
                0x0000000000005574                __isr_4
                0x0000000000005574                cc2420_port1_interrupt
 .text.cc2420_arch_init
                0x00000000000055d6       0x1a contiki-sky.a(cc2420-arch.o)
                0x00000000000055d6                cc2420_arch_init
 .text.handle_rxdma_timer
                0x00000000000055f0       0x3a contiki-sky.a(uart1.o)
 .text.uart1_active
                0x000000000000562a       0x1a contiki-sky.a(uart1.o)
                0x000000000000562a                uart1_active
 .text.uart1_set_input
                0x0000000000005644       0x20 contiki-sky.a(uart1.o)
                0x0000000000005644                uart1_set_input
 .text.uart1_writeb
                0x0000000000005664       0x1a contiki-sky.a(uart1.o)
                0x0000000000005664                uart1_writeb
 .text.uart1_init
                0x000000000000567e       0xf6 contiki-sky.a(uart1.o)
                0x000000000000567e                uart1_init
 .text.putchar  0x0000000000005774       0x10 contiki-sky.a(uart1-putchar.o)
                0x0000000000005774                putchar
 .text.msp430_init_dco
                0x0000000000005784       0x84 contiki-sky.a(msp430.o)
                0x0000000000005784                msp430_init_dco
 .text.msp430_add_lpm_req
                0x0000000000005808        0xc contiki-sky.a(msp430.o)
                0x0000000000005808                msp430_add_lpm_req
 .text.msp430_cpu_init
                0x0000000000005814       0x2a contiki-sky.a(msp430.o)
                0x0000000000005814                msp430_cpu_init
 .text.splhigh_
                0x000000000000583e        0x8 contiki-sky.a(msp430.o)
                0x000000000000583e                splhigh_
 .text.msp430_sync_dco
                0x0000000000005846       0x68 contiki-sky.a(msp430.o)
                0x0000000000005846                msp430_sync_dco
 .text.timera1  0x00000000000058ae      0x11e contiki-sky.a(clock.o)
                0x00000000000058ae                __isr_5
                0x00000000000058ae                timera1
 .text.clock_time
                0x00000000000059cc       0x1a contiki-sky.a(clock.o)
                0x00000000000059cc                clock_time
 .text.clock_init
                0x00000000000059e6       0x28 contiki-sky.a(clock.o)
                0x00000000000059e6                clock_init
 .text.clock_delay
                0x0000000000005a0e        0xc contiki-sky.a(clock.o)
                0x0000000000005a0e                clock_delay
 .text.show_leds
                0x0000000000005a1a       0xf6 contiki-sky.a(leds.o)
 .text.leds_init
                0x0000000000005b10        0xa contiki-sky.a(leds.o)
                0x0000000000005b10                leds_init
 .text.leds_on  0x0000000000005b1a        0xa contiki-sky.a(leds.o)
                0x0000000000005b1a                leds_on
 .text.leds_off
                0x0000000000005b24        0xe contiki-sky.a(leds.o)
                0x0000000000005b24                leds_off
 .text.leds_arch_init
                0x0000000000005b32        0xe contiki-sky.a(leds-arch.o)
                0x0000000000005b32                leds_arch_init
 .text.leds_arch_set
                0x0000000000005b40       0x3a contiki-sky.a(leds-arch.o)
                0x0000000000005b40                leds_arch_set
 .text.watchdog_interrupt
                0x0000000000005b7a        0x6 contiki-sky.a(watchdog.o)
                0x0000000000005b7a                __isr_10
                0x0000000000005b7a                watchdog_interrupt
 .text.watchdog_start
                0x0000000000005b80       0x14 contiki-sky.a(watchdog.o)
                0x0000000000005b80                watchdog_start
 .text.watchdog_periodic
                0x0000000000005b94       0x12 contiki-sky.a(watchdog.o)
                0x0000000000005b94                watchdog_periodic
 .text.watchdog_stop
                0x0000000000005ba6       0x16 contiki-sky.a(watchdog.o)
                0x0000000000005ba6                watchdog_stop
 .text.watchdog_init
                0x0000000000005bbc       0x14 contiki-sky.a(watchdog.o)
                0x0000000000005bbc                watchdog_init
 .text.rtimer_arch_init
                0x0000000000005bd0        0xe contiki-sky.a(rtimer-arch.o)
                0x0000000000005bd0                rtimer_arch_init
 .text.rtimer_arch_now
                0x0000000000005bde        0xe contiki-sky.a(rtimer-arch.o)
                0x0000000000005bde                rtimer_arch_now
 .text.timera0  0x0000000000005bec       0x70 contiki-sky.a(rtimer-arch.o)
                0x0000000000005bec                __isr_6
                0x0000000000005bec                timera0
 .text.rtimer_arch_schedule
                0x0000000000005c5c        0x6 contiki-sky.a(rtimer-arch.o)
                0x0000000000005c5c                rtimer_arch_schedule
 .text.process_thread_ctimer_process
                0x0000000000005c62       0xa4 contiki-sky.a(ctimer.o)
 .text.ctimer_init
                0x0000000000005d06       0x18 contiki-sky.a(ctimer.o)
                0x0000000000005d06                ctimer_init
 .text.ctimer_set_with_process
                0x0000000000005d1e       0x4e contiki-sky.a(ctimer.o)
                0x0000000000005d1e                ctimer_set_with_process
 .text.ctimer_set
                0x0000000000005d6c       0x10 contiki-sky.a(ctimer.o)
                0x0000000000005d6c                ctimer_set
 .text.ctimer_reset
                0x0000000000005d7c       0x30 contiki-sky.a(ctimer.o)
                0x0000000000005d7c                ctimer_reset
 .text.ctimer_stop
                0x0000000000005dac       0x28 contiki-sky.a(ctimer.o)
                0x0000000000005dac                ctimer_stop
 .text.autostart_start
                0x0000000000005dd4       0x16 contiki-sky.a(autostart.o)
                0x0000000000005dd4                autostart_start
 .text.energest_init
                0x0000000000005dea       0x28 contiki-sky.a(energest.o)
                0x0000000000005dea                energest_init
 .text.energest_type_time
                0x0000000000005e12       0x46 contiki-sky.a(energest.o)
                0x0000000000005e12                energest_type_time
 .text.energest_type_set
                0x0000000000005e58        0xe contiki-sky.a(energest.o)
                0x0000000000005e58                energest_type_set
 .text.energest_flush
                0x0000000000005e66       0x48 contiki-sky.a(energest.o)
                0x0000000000005e66                energest_flush
 .text.update_time
                0x0000000000005eae       0x78 contiki-sky.a(etimer.o)
 .text.etimer_request_poll
                0x0000000000005f26        0xa contiki-sky.a(etimer.o)
                0x0000000000005f26                etimer_request_poll
 .text.process_thread_etimer_process
                0x0000000000005f30       0xc8 contiki-sky.a(etimer.o)
 .text.add_timer
                0x0000000000005ff8       0x40 contiki-sky.a(etimer.o)
 .text.etimer_set
                0x0000000000006038       0x12 contiki-sky.a(etimer.o)
                0x0000000000006038                etimer_set
 .text.etimer_reset
                0x000000000000604a       0x12 contiki-sky.a(etimer.o)
                0x000000000000604a                etimer_reset
 .text.etimer_expired
                0x000000000000605c        0xe contiki-sky.a(etimer.o)
                0x000000000000605c                etimer_expired
 .text.etimer_pending
                0x000000000000606a        0xc contiki-sky.a(etimer.o)
                0x000000000000606a                etimer_pending
 .text.etimer_next_expiration_time
                0x0000000000006076       0x16 contiki-sky.a(etimer.o)
                0x0000000000006076                etimer_next_expiration_time
 .text.etimer_stop
                0x000000000000608c       0x3c contiki-sky.a(etimer.o)
                0x000000000000608c                etimer_stop
 .text.call_process
                0x00000000000060c8       0x4a contiki-sky.a(process.o)
 .text.exit_process
                0x0000000000006112       0x96 contiki-sky.a(process.o)
 .text.do_poll  0x00000000000061a8       0x30 contiki-sky.a(process.o)
 .text.process_alloc_event
                0x00000000000061d8        0xe contiki-sky.a(process.o)
                0x00000000000061d8                process_alloc_event
 .text.process_init
                0x00000000000061e6       0x1c contiki-sky.a(process.o)
                0x00000000000061e6                process_init
 .text.process_run
                0x0000000000006202       0x92 contiki-sky.a(process.o)
                0x0000000000006202                process_run
 .text.process_nevents
                0x0000000000006294        0xe contiki-sky.a(process.o)
                0x0000000000006294                process_nevents
 .text.process_post
                0x00000000000062a2       0x4e contiki-sky.a(process.o)
                0x00000000000062a2                process_post
 .text.process_post_synch
                0x00000000000062f0       0x12 contiki-sky.a(process.o)
                0x00000000000062f0                process_post_synch
 .text.process_start
                0x0000000000006302       0x32 contiki-sky.a(process.o)
                0x0000000000006302                process_start
 .text.process_poll
                0x0000000000006334       0x18 contiki-sky.a(process.o)
                0x0000000000006334                process_poll
 .text.rtimer_init
                0x000000000000634c        0x6 contiki-sky.a(rtimer.o)
                0x000000000000634c                rtimer_init
 .text.rtimer_run_next
                0x0000000000006352       0x26 contiki-sky.a(rtimer.o)
                0x0000000000006352                rtimer_run_next
 .text.timer_set
                0x0000000000006378       0x1c contiki-sky.a(timer.o)
                0x0000000000006378                timer_set
 .text.timer_reset
                0x0000000000006394        0xe contiki-sky.a(timer.o)
                0x0000000000006394                timer_reset
 .text.timer_expired
                0x00000000000063a2       0x2a contiki-sky.a(timer.o)
                0x00000000000063a2                timer_expired
 .text.process_thread_serial_line_process
                0x00000000000063cc       0x9c contiki-sky.a(serial-line.o)
 .text.serial_line_input_byte
                0x0000000000006468       0x4a contiki-sky.a(serial-line.o)
                0x0000000000006468                serial_line_input_byte
 .text.serial_line_init
                0x00000000000064b2       0x1c contiki-sky.a(serial-line.o)
                0x00000000000064b2                serial_line_init
 .text.list_init
                0x00000000000064ce        0x6 contiki-sky.a(list.o)
                0x00000000000064ce                list_init
 .text.list_head
                0x00000000000064d4        0x4 contiki-sky.a(list.o)
                0x00000000000064d4                list_head
 .text.list_tail
                0x00000000000064d8       0x12 contiki-sky.a(list.o)
                0x00000000000064d8                list_tail
 .text.list_remove
                0x00000000000064ea       0x34 contiki-sky.a(list.o)
                0x00000000000064ea                list_remove
 .text.list_add
                0x000000000000651e       0x2a contiki-sky.a(list.o)
                0x000000000000651e                list_add
 .text.list_length
                0x0000000000006548       0x10 contiki-sky.a(list.o)
                0x0000000000006548                list_length
 .text.list_item_next
                0x0000000000006558        0xc contiki-sky.a(list.o)
                0x0000000000006558                list_item_next
 .text.random_init
                0x0000000000006564        0x6 contiki-sky.a(random.o)
                0x0000000000006564                random_init
 .text.random_rand
                0x000000000000656a        0x6 contiki-sky.a(random.o)
                0x000000000000656a                random_rand
 .text._xassert
                0x0000000000006570       0x12 contiki-sky.a(assert.o)
                0x0000000000006570                _xassert
 .text.ringbuf_init
                0x0000000000006582       0x14 contiki-sky.a(ringbuf.o)
                0x0000000000006582                ringbuf_init
 .text.ringbuf_put
                0x0000000000006596       0x38 contiki-sky.a(ringbuf.o)
                0x0000000000006596                ringbuf_put
 .text.ringbuf_get
                0x00000000000065ce       0x34 contiki-sky.a(ringbuf.o)
                0x00000000000065ce                ringbuf_get
 .text.input_packet
                0x0000000000006602        0x6 contiki-sky.a(csma.o)
 .text.on       0x0000000000006608        0x6 contiki-sky.a(csma.o)
 .text.off      0x000000000000660e        0x6 contiki-sky.a(csma.o)
 .text.channel_check_interval
                0x0000000000006614       0x10 contiki-sky.a(csma.o)
 .text.transmit_packet_list
                0x0000000000006624       0x24 contiki-sky.a(csma.o)
 .text.schedule_transmission
                0x0000000000006648       0x94 contiki-sky.a(csma.o)
 .text.send_packet
                0x00000000000066dc      0x164 contiki-sky.a(csma.o)
 .text.init     0x0000000000006840       0x1a contiki-sky.a(csma.o)
 .text.tx_done  0x000000000000685a       0x98 contiki-sky.a(csma.o)
 .text.packet_sent
                0x00000000000068f2       0xd2 contiki-sky.a(csma.o)
 .text.mac_call_sent_callback
                0x00000000000069c4       0x14 contiki-sky.a(mac.o)
                0x00000000000069c4                mac_call_sent_callback
 .text.queuebuf_new_from_packetbuf
                0x00000000000069d8       0x52 contiki-sky.a(queuebuf.o)
                0x00000000000069d8                queuebuf_new_from_packetbuf
 .text.queuebuf_update_attr_from_packetbuf
                0x0000000000006a2a       0x12 contiki-sky.a(queuebuf.o)
                0x0000000000006a2a                queuebuf_update_attr_from_packetbuf
 .text.queuebuf_free
                0x0000000000006a3c       0x2a contiki-sky.a(queuebuf.o)
                0x0000000000006a3c                queuebuf_free
 .text.queuebuf_attr
                0x0000000000006a66        0xe contiki-sky.a(queuebuf.o)
                0x0000000000006a66                queuebuf_attr
 .text.packetbuf_set_datalen
                0x0000000000006a74        0x6 contiki-sky.a(packetbuf.o)
                0x0000000000006a74                packetbuf_set_datalen
 .text.packetbuf_datalen
                0x0000000000006a7a        0x6 contiki-sky.a(packetbuf.o)
                0x0000000000006a7a                packetbuf_datalen
 .text.packetbuf_hdrlen
                0x0000000000006a80        0xa contiki-sky.a(packetbuf.o)
                0x0000000000006a80                packetbuf_hdrlen
 .text.packetbuf_dataptr
                0x0000000000006a8a        0xc contiki-sky.a(packetbuf.o)
                0x0000000000006a8a                packetbuf_dataptr
 .text.packetbuf_copyto
                0x0000000000006a96       0x46 contiki-sky.a(packetbuf.o)
                0x0000000000006a96                packetbuf_copyto
 .text.packetbuf_attr_clear
                0x0000000000006adc       0x28 contiki-sky.a(packetbuf.o)
                0x0000000000006adc                packetbuf_attr_clear
 .text.packetbuf_clear
                0x0000000000006b04       0x12 contiki-sky.a(packetbuf.o)
                0x0000000000006b04                packetbuf_clear
 .text.packetbuf_attr_copyto
                0x0000000000006b16       0x20 contiki-sky.a(packetbuf.o)
                0x0000000000006b16                packetbuf_attr_copyto
 .text.linkaddr_copy
                0x0000000000006b36        0xc contiki-sky.a(linkaddr.o)
                0x0000000000006b36                linkaddr_copy
 .text.linkaddr_cmp
                0x0000000000006b42       0x12 contiki-sky.a(linkaddr.o)
                0x0000000000006b42                linkaddr_cmp
 .text.linkaddr_set_node_addr
                0x0000000000006b54        0xc contiki-sky.a(linkaddr.o)
                0x0000000000006b54                linkaddr_set_node_addr
 .text.init     0x0000000000006b60        0x2 contiki-sky.a(nullsec.o)
 .text.send     0x0000000000006b62        0xa contiki-sky.a(nullsec.o)
 .text.input    0x0000000000006b6c        0x6 contiki-sky.a(nullsec.o)
 .text.spi_init
                0x0000000000006b72       0x32 contiki-sky.a(spi.o)
                0x0000000000006b72                spi_init
 .text.memb_init
                0x0000000000006ba4       0x36 contiki-sky.a(memb.o)
                0x0000000000006ba4                memb_init
 .text.memb_alloc
                0x0000000000006bda       0x3e contiki-sky.a(memb.o)
                0x0000000000006bda                memb_alloc
 .text.memb_free
                0x0000000000006c18       0x3a contiki-sky.a(memb.o)
                0x0000000000006c18                memb_free
 .text.memb_inmemb
                0x0000000000006c52       0x2e contiki-sky.a(memb.o)
                0x0000000000006c52                memb_inmemb
 .text.libgcc   0x0000000000006c80       0x2c /usr/lib/gcc/msp430/4.6.3/mmpy-16/libgcc.a(_mulsi3.o)
                0x0000000000006c80                __mulsi3
 .text.libgcc   0x0000000000006cac       0x40 /usr/lib/gcc/msp430/4.6.3/mmpy-16/libgcc.a(_udivmod32.o)
                0x0000000000006cac                __udivsi3
                0x0000000000006cac                __ext_udivmod32
                0x0000000000006ce2                __umodsi3
 .text          0x0000000000006cec       0x20 /usr/lib/gcc/msp430/4.6.3/../../../../msp430/lib/mmpy-16/libc.a(memcmp.o)
                0x0000000000006cec                memcmp
 .text          0x0000000000006d0c       0xfa /usr/lib/gcc/msp430/4.6.3/../../../../msp430/lib/mmpy-16/libc.a(memcpy.o)
                0x0000000000006d0c                memcpy
 .text          0x0000000000006e06       0x6a /usr/lib/gcc/msp430/4.6.3/../../../../msp430/lib/mmpy-16/libc.a(memset.o)
                0x0000000000006e06                memset
 .text          0x0000000000006e70       0x1e /usr/lib/gcc/msp430/4.6.3/../../../../msp430/lib/mmpy-16/libc.a(printf.o)
                0x0000000000006e70                printf
                0x0000000000006e80                vprintf
 .text          0x0000000000006e8e      0x836 /usr/lib/gcc/msp430/4.6.3/../../../../msp430/lib/mmpy-16/libc.a(vuprintf.o)
                0x0000000000007026                vuprintf
 .text          0x00000000000076c4       0x2c /usr/lib/gcc/msp430/4.6.3/../../../../msp430/lib/mmpy-16/libc.a(puts.o)
                0x00000000000076c4                puts
 .text          0x00000000000076f0       0x54 /usr/lib/gcc/msp430/4.6.3/../../../../msp430/lib/mmpy-16/libc.a(rand.o)
                0x00000000000076f0                rand_r
                0x0000000000007714                rand
                0x000000000000773a                srand
 .text.libgcc   0x0000000000007744       0x22 /usr/lib/gcc/msp430/4.6.3/mmpy-16/libgcc.a(_udivmod16.o)
                0x0000000000007744                __udivhi3
                0x0000000000007744                __ext_udivmod16
                0x000000000000775e                __umodhi3
 .text.libgcc   0x0000000000007766       0xf0 /usr/lib/gcc/msp430/4.6.3/mmpy-16/libgcc.a(_udivmod64.o)
                0x0000000000007766                __xabi_udivmod64
                0x00000000000077c4                __udivdi3
                0x00000000000077ea                __umoddi3
                0x0000000000007818                __udivmoddi4
 .text.crt0     0x0000000000007856        0x2 /usr/lib/gcc/msp430/4.6.3/mmpy-16/libcrt0.a(_unexpected_.o)
                0x0000000000007856                _unexpected_
                0x0000000000007858                . = ALIGN (0x2)

.rodata         0x0000000000007858      0x2f0
                0x0000000000007858                . = ALIGN (0x2)
 *(.rodata .rodata.* .gnu.linkonce.r.*)
 .rodata        0x0000000000007858       0x76 app.co
                0x00000000000078b6                autostart_processes
 .rodata        0x00000000000078ce       0x32 obj_sky/nd.o
 .rodata        0x0000000000007900       0x18 obj_sky/nd-rdc.o
                0x0000000000007908                nd_rdc_driver
 .rodata        0x0000000000007918       0x18 obj_sky/nd-netstack.o
                0x000000000000792a                nd_driver
 .rodata        0x0000000000007930       0x2c obj_sky/lpwf_packet.o
 .rodata        0x000000000000795c       0xe7 obj_sky/contiki-sky-main.o
 *fill*         0x0000000000007a43        0x1 00
 .rodata        0x0000000000007a44       0x10 contiki-sky.a(button-sensor.o)
                0x0000000000007a4c                button_sensor
 .rodata        0x0000000000007a54        0x8 contiki-sky.a(sensors.o)
 .rodata        0x0000000000007a5c       0x70 contiki-sky.a(cc2420.o)
                0x0000000000007a8e                cc2420_aes_128_driver
                0x0000000000007a92                cc2420_driver
 .rodata        0x0000000000007acc        0xf contiki-sky.a(ctimer.o)
 .rodata        0x0000000000007adb        0xc contiki-sky.a(etimer.o)
 .rodata        0x0000000000007ae7        0xe contiki-sky.a(serial-line.o)
 .rodata        0x0000000000007af5       0x25 contiki-sky.a(assert.o)
 .rodata        0x0000000000007b1a       0x14 contiki-sky.a(csma.o)
                0x0000000000007b20                csma_driver
 .rodata        0x0000000000007b2e        0x2 contiki-sky.a(linkaddr.o)
                0x0000000000007b2e                linkaddr_null
 .rodata        0x0000000000007b30       0x10 contiki-sky.a(nullsec.o)
                0x0000000000007b38                nullsec_driver
 .rodata        0x0000000000007b40        0x7 /usr/lib/gcc/msp430/4.6.3/../../../../msp430/lib/mmpy-16/libc.a(vuprintf.o)
                0x0000000000007b48                . = ALIGN (0x2)
 *fill*         0x0000000000007b47        0x1 00
                0x0000000000007b48                _etext = .

.data           0x0000000000001100       0x74 load address 0x0000000000007b48
                0x0000000000001100                . = ALIGN (0x2)
                0x0000000000001100                PROVIDE (__data_start, .)
 *(.data .data.* .gnu.linkonce.d.*)
 .data          0x0000000000001100        0xe app.co
                0x0000000000001100                app_process
                0x000000000000110a                rcb
 .data          0x000000000000110e        0x4 contiki-sky.a(contiki-sky-pla)
                0x000000000000110e                sensors
 .data          0x0000000000001112        0xa contiki-sky.a(sensors.o)
                0x0000000000001112                sensors_process
 .data          0x000000000000111c        0xc contiki-sky.a(cc2420.o)
                0x000000000000111c                cc2420_process
 .data          0x0000000000001128        0x2 contiki-sky.a(msp430.o)
 .data          0x000000000000112a        0xa contiki-sky.a(ctimer.o)
                0x000000000000112a                ctimer_process
 .data          0x0000000000001134        0xa contiki-sky.a(etimer.o)
                0x0000000000001134                etimer_process
 .data          0x000000000000113e        0xa contiki-sky.a(serial-line.o)
                0x000000000000113e                serial_line_process
 .data          0x0000000000001148       0x18 contiki-sky.a(csma.o)
 .data          0x0000000000001160       0x10 contiki-sky.a(queuebuf.o)
 .data          0x0000000000001170        0x4 /usr/lib/gcc/msp430/4.6.3/../../../../msp430/lib/mmpy-16/libc.a(rand.o)
                0x0000000000001174                . = ALIGN (0x2)
                0x0000000000001174                _edata = .
                0x0000000000007b48                PROVIDE (__data_load_start, LOADADDR (.data))
                0x0000000000000074                PROVIDE (__data_size, SIZEOF (.data))

.bss            0x0000000000001174      0xef0 load address 0x0000000000007bbc
                0x0000000000001174                PROVIDE (__bss_start, .)
 *(.bss .bss.*)
 .bss           0x0000000000001174        0xc app.co
 .bss           0x0000000000001180        0x4 obj_sky/nd.o
 .bss           0x0000000000001184        0xc obj_sky/contiki-sky-main.o
 .bss           0x0000000000001190        0x8 contiki-sky.a(button-sensor.o)
 .bss           0x0000000000001198        0x2 contiki-sky.a(node-id.o)
                0x0000000000001198                node_id
 .bss           0x000000000000119a        0x6 contiki-sky.a(sensors.o)
 .bss           0x00000000000011a0        0xa contiki-sky.a(cc2420.o)
 .bss           0x00000000000011aa       0x9a contiki-sky.a(uart1.o)
 .bss           0x0000000000001244        0xa contiki-sky.a(clock.o)
 .bss           0x000000000000124e        0x1 contiki-sky.a(leds.o)
 *fill*         0x000000000000124f        0x1 00
 .bss           0x0000000000001250        0x2 contiki-sky.a(watchdog.o)
 .bss           0x0000000000001252        0x4 contiki-sky.a(ctimer.o)
 .bss           0x0000000000001256        0x6 contiki-sky.a(etimer.o)
 .bss           0x000000000000125c       0x38 contiki-sky.a(process.o)
                0x000000000000125c                process_current
                0x000000000000125e                process_list
 .bss           0x0000000000001294        0x2 contiki-sky.a(rtimer.o)
 .bss           0x0000000000001296      0x10a contiki-sky.a(serial-line.o)
 .bss           0x00000000000013a0      0x124 contiki-sky.a(csma.o)
 .bss           0x00000000000014c4      0xa80 contiki-sky.a(queuebuf.o)
 .bss           0x0000000000001f44       0x86 contiki-sky.a(packetbuf.o)
 *(COMMON)
 COMMON         0x0000000000001fca        0x2 contiki-sky.a(contiki-sky-pla)
                0x0000000000001fca                sensors_flags
 COMMON         0x0000000000001fcc        0x8 contiki-sky.a(ds2411.o)
                0x0000000000001fcc                ds2411_id
 COMMON         0x0000000000001fd4        0x1 contiki-sky.a(sensors.o)
                0x0000000000001fd4                sensors_event
 *fill*         0x0000000000001fd5        0x1 00
 COMMON         0x0000000000001fd6       0x10 contiki-sky.a(cc2420.o)
                0x0000000000001fd6                cc2420_last_rssi
                0x0000000000001fd8                cc2420_sfd_start_time
                0x0000000000001fda                cc2420_time_of_departure
                0x0000000000001fdc                cc2420_time_of_arrival
                0x0000000000001fde                cc2420_last_correlation
                0x0000000000001fe0                cc2420_authority_level_of_sender
                0x0000000000001fe2                cc2420_sfd_counter
                0x0000000000001fe4                cc2420_sfd_end_time
 COMMON         0x0000000000001fe6        0x2 contiki-sky.a(msp430.o)
                0x0000000000001fe6                msp430_dco_required
 COMMON         0x0000000000001fe8       0x56 contiki-sky.a(energest.o)
                0x0000000000001fe8                energest_total_time
                0x0000000000002018                energest_total_count
                0x000000000000201a                energest_current_mode
                0x0000000000002026                energest_current_time
 COMMON         0x000000000000203e        0x1 contiki-sky.a(process.o)
                0x000000000000203e                process_maxevents
 COMMON         0x000000000000203f        0x1 contiki-sky.a(serial-line.o)
                0x000000000000203f                serial_line_event_message
 COMMON         0x0000000000002040       0x22 contiki-sky.a(packetbuf.o)
                0x0000000000002040                packetbuf_addrs
                0x0000000000002044                packetbuf_attrs
 COMMON         0x0000000000002062        0x2 contiki-sky.a(linkaddr.o)
                0x0000000000002062                linkaddr_node_addr
                0x0000000000002064                . = ALIGN (0x2)
                0x0000000000002064                PROVIDE (__bss_end, .)
                0x0000000000000ef0                PROVIDE (__bss_size, SIZEOF (.bss))

.noinit         0x0000000000002064        0x2 load address 0x0000000000007bbc
                0x0000000000002064                PROVIDE (__noinit_start, .)
 *(.noinit .noinit.*)
 .noinit.crt0   0x0000000000002064        0x2 /usr/lib/gcc/msp430/4.6.3/mmpy-16/libcrt0.a(__watchdog_support.o)
                0x0000000000002064                __wdt_clear_value
                0x0000000000002066                . = ALIGN (0x2)
                0x0000000000002066                PROVIDE (__noinit_end, .)
                0x0000000000002066                . = ALIGN (0x2)
                0x0000000000002066                _end = .

.infomem        0x0000000000001000        0x0
 *(.infomem)
                0x0000000000001000                . = ALIGN (0x2)
 *(.infomem.*)

.infomemnobits  0x0000000000001000        0x0
 *(.infomemnobits)
                0x0000000000001000                . = ALIGN (0x2)
 *(.infomemnobits.*)

.infoa
 *(.infoa .infoa.*)

.infob
 *(.infob .infob.*)

.infoc
 *(.infoc .infoc.*)

.infod
 *(.infod .infod.*)

.vectors        0x000000000000ffe0       0x20
                0x000000000000ffe0                PROVIDE (__vectors_start, .)
 *(.vectors*)
 .vectors       0x000000000000ffe0       0x20 /usr/lib/gcc/msp430/4.6.3/mmpy-16/crt0ivtbl16.o
                0x000000000000ffe0                __ivtbl_16
                0x0000000000010000                _vectors_end = .

.fartext        0x0000000000000000        0x0
                0x0000000000000000                . = ALIGN (0x2)
 *(.fartext)
                0x0000000000000000                . = ALIGN (0x2)
 *(.fartext.*)
                0x0000000000000000                _efartext = .

.profiler
 *(.profiler)

.stab           0x0000000000000000    0x12af8
 *(.stab)
 .stab          0x0000000000000000      0xdd4 app.co
 .stab          0x0000000000000dd4      0x468 obj_sky/nd.o
                                        0xd98 (size before relaxing)
 .stab          0x000000000000123c      0x6a8 obj_sky/nd-rdc.o
                                        0xe28 (size before relaxing)
 .stab          0x00000000000018e4      0x2dc obj_sky/netstack.o
                                        0xbac (size before relaxing)
 .stab          0x0000000000001bc0      0x318 obj_sky/nd-netstack.o
                                        0xc30 (size before relaxing)
 .stab          0x0000000000001ed8      0x5a0 obj_sky/lpwf_packet.o
                                        0x798 (size before relaxing)
 .stab          0x0000000000002478     0x1110 obj_sky/contiki-sky-main.o
                                       0x17a0 (size before relaxing)
 .stab          0x0000000000003588      0x264 contiki-sky.a(contiki-sky-pla)
                                        0x5b8 (size before relaxing)
 .stab          0x00000000000037ec      0x468 contiki-sky.a(button-sensor.o)
                                        0x7d4 (size before relaxing)
 .stab          0x0000000000003c54      0x624 contiki-sky.a(ds2411.o)
                                        0xb40 (size before relaxing)
 .stab          0x0000000000004278      0xbac contiki-sky.a(xmem.o)
                                        0xf60 (size before relaxing)
 .stab          0x0000000000004e24      0x2b8 contiki-sky.a(node-id.o)
                                        0x4e0 (size before relaxing)
 .stab          0x00000000000050dc      0x654 contiki-sky.a(sensors.o)
                                        0xb70 (size before relaxing)
 .stab          0x0000000000005730     0x28bc contiki-sky.a(cc2420.o)
                                       0x2fe8 (size before relaxing)
 .stab          0x0000000000007fec      0xb4c contiki-sky.a(cc2420-arch.o)
                                       0x13f8 (size before relaxing)
 .stab          0x0000000000008b38      0x60c contiki-sky.a(uart1.o)
                                        0x960 (size before relaxing)
 .stab          0x0000000000009144      0x234 contiki-sky.a(uart1-putchar.o)
                                        0x588 (size before relaxing)
 .stab          0x0000000000009378      0x744 contiki-sky.a(msp430.o)
                                        0xa98 (size before relaxing)
 .stab          0x0000000000009abc      0x948 contiki-sky.a(clock.o)
                                        0xc9c (size before relaxing)
 .stab          0x000000000000a404      0x5dc contiki-sky.a(leds.o)
                                        0x828 (size before relaxing)
 .stab          0x000000000000a9e0      0x3a8 contiki-sky.a(leds-arch.o)
                                        0x6fc (size before relaxing)
 .stab          0x000000000000ad88      0x3fc contiki-sky.a(watchdog.o)
                                        0x750 (size before relaxing)
 .stab          0x000000000000b184      0x3cc contiki-sky.a(rtimer-arch.o)
                                        0x720 (size before relaxing)
 .stab          0x000000000000b550      0x858 contiki-sky.a(ctimer.o)
                                        0xbc4 (size before relaxing)
 .stab          0x000000000000bda8      0x294 contiki-sky.a(autostart.o)
                                        0x534 (size before relaxing)
 .stab          0x000000000000c03c      0x474 contiki-sky.a(energest.o)
                                        0x6fc (size before relaxing)
 .stab          0x000000000000c4b0      0xabc contiki-sky.a(etimer.o)
                                        0xd8c (size before relaxing)
 .stab          0x000000000000cf6c      0xba0 contiki-sky.a(process.o)
                                       0x1038 (size before relaxing)
 .stab          0x000000000000db0c      0x3d8 contiki-sky.a(rtimer.o)
                                        0x6c0 (size before relaxing)
 .stab          0x000000000000dee4      0x354 contiki-sky.a(timer.o)
                                        0x594 (size before relaxing)
 .stab          0x000000000000e238      0x534 contiki-sky.a(serial-line.o)
                                        0xa50 (size before relaxing)
 .stab          0x000000000000e76c      0x7f8 contiki-sky.a(list.o)
                                        0x804 (size before relaxing)
 .stab          0x000000000000ef64      0x24c contiki-sky.a(random.o)
                                        0x624 (size before relaxing)
 .stab          0x000000000000f1b0      0x1a4 contiki-sky.a(assert.o)
                                        0x4f8 (size before relaxing)
 .stab          0x000000000000f354      0x3fc contiki-sky.a(ringbuf.o)
                                        0x63c (size before relaxing)
 .stab          0x000000000000f750      0xce4 contiki-sky.a(csma.o)
                                       0x165c (size before relaxing)
 .stab          0x0000000000010434      0x1f8 contiki-sky.a(mac.o)
                                        0x4ec (size before relaxing)
 .stab          0x000000000001062c      0xa5c contiki-sky.a(queuebuf.o)
                                       0x1884 (size before relaxing)
 .stab          0x0000000000011088      0xc24 contiki-sky.a(packetbuf.o)
                                       0x1a64 (size before relaxing)
 .stab          0x0000000000011cac      0x2c4 contiki-sky.a(linkaddr.o)
                                        0x6c0 (size before relaxing)
 .stab          0x0000000000011f70      0x3c0 contiki-sky.a(nullsec.o)
                                        0xcf0 (size before relaxing)
 .stab          0x0000000000012330      0x204 contiki-sky.a(spi.o)
                                        0x42c (size before relaxing)
 .stab          0x0000000000012534      0x5c4 contiki-sky.a(memb.o)
                                        0xaf8 (size before relaxing)

.stabstr        0x0000000000000000    0x1081f
 *(.stabstr)
 .stabstr       0x0000000000000000    0x1081f app.co

.stab.excl
 *(.stab.excl)

.stab.exclstr
 *(.stab.exclstr)

.stab.index
 *(.stab.index)

.stab.indexstr
 *(.stab.indexstr)

.comment
 *(.comment)

.debug
 *(.debug)

.line
 *(.line)

.debug_srcinfo
 *(.debug_srcinfo)

.debug_sfnames
 *(.debug_sfnames)

.debug_aranges  0x0000000000000000      0x168
 *(.debug_aranges)
 .debug_aranges
                0x0000000000000000       0x14 /usr/lib/gcc/msp430/4.6.3/mmpy-16/libgcc.a(_mulsi3.o)
 .debug_aranges
                0x0000000000000014       0x14 /usr/lib/gcc/msp430/4.6.3/mmpy-16/libgcc.a(_udivmod32.o)
 .debug_aranges
                0x0000000000000028       0x14 /usr/lib/gcc/msp430/4.6.3/../../../../msp430/lib/mmpy-16/libc.a(strncmp.o)
 .debug_aranges
                0x000000000000003c       0x14 /usr/lib/gcc/msp430/4.6.3/../../../../msp430/lib/mmpy-16/libc.a(memcmp.o)
 .debug_aranges
                0x0000000000000050       0x14 /usr/lib/gcc/msp430/4.6.3/../../../../msp430/lib/mmpy-16/libc.a(memcpy.o)
 .debug_aranges
                0x0000000000000064       0x14 /usr/lib/gcc/msp430/4.6.3/../../../../msp430/lib/mmpy-16/libc.a(memset.o)
 .debug_aranges
                0x0000000000000078       0x14 /usr/lib/gcc/msp430/4.6.3/../../../../msp430/lib/mmpy-16/libc.a(printf.o)
 .debug_aranges
                0x000000000000008c       0x14 /usr/lib/gcc/msp430/4.6.3/../../../../msp430/lib/mmpy-16/libc.a(vuprintf.o)
 .debug_aranges
                0x00000000000000a0       0x14 /usr/lib/gcc/msp430/4.6.3/../../../../msp430/lib/mmpy-16/libc.a(puts.o)
 .debug_aranges
                0x00000000000000b4       0x14 /usr/lib/gcc/msp430/4.6.3/../../../../msp430/lib/mmpy-16/libc.a(rand.o)
 .debug_aranges
                0x00000000000000c8       0x14 /usr/lib/gcc/msp430/4.6.3/mmpy-16/libgcc.a(_udivmod16.o)
 .debug_aranges
                0x00000000000000dc       0x14 /usr/lib/gcc/msp430/4.6.3/mmpy-16/libgcc.a(_udivmod64.o)
 .debug_aranges
                0x00000000000000f0       0x14 /usr/lib/gcc/msp430/4.6.3/mmpy-16/libcrt0.a(__watchdog_support.o)
 .debug_aranges
                0x0000000000000104       0x14 /usr/lib/gcc/msp430/4.6.3/mmpy-16/libcrt0.a(__init_stack.o)
 .debug_aranges
                0x0000000000000118       0x14 /usr/lib/gcc/msp430/4.6.3/mmpy-16/libcrt0.a(_copy_data.o)
 .debug_aranges
                0x000000000000012c       0x14 /usr/lib/gcc/msp430/4.6.3/mmpy-16/libcrt0.a(_clear_bss.o)
 .debug_aranges
                0x0000000000000140       0x14 /usr/lib/gcc/msp430/4.6.3/mmpy-16/libcrt0.a(_endless_loop__.o)
 .debug_aranges
                0x0000000000000154       0x14 /usr/lib/gcc/msp430/4.6.3/mmpy-16/libcrt0.a(_unexpected_.o)

.debug_pubnames
 *(.debug_pubnames)

.debug_info     0x0000000000000000     0x139b
 *(.debug_info)
 .debug_info    0x0000000000000000       0xd6 /usr/lib/gcc/msp430/4.6.3/mmpy-16/libgcc.a(_mulsi3.o)
 .debug_info    0x00000000000000d6       0xd6 /usr/lib/gcc/msp430/4.6.3/mmpy-16/libgcc.a(_udivmod32.o)
 .debug_info    0x00000000000001ac       0xbb /usr/lib/gcc/msp430/4.6.3/../../../../msp430/lib/mmpy-16/libc.a(strncmp.o)
 .debug_info    0x0000000000000267       0xe8 /usr/lib/gcc/msp430/4.6.3/../../../../msp430/lib/mmpy-16/libc.a(memcmp.o)
 .debug_info    0x000000000000034f      0x113 /usr/lib/gcc/msp430/4.6.3/../../../../msp430/lib/mmpy-16/libc.a(memcpy.o)
 .debug_info    0x0000000000000462       0xfe /usr/lib/gcc/msp430/4.6.3/../../../../msp430/lib/mmpy-16/libc.a(memset.o)
 .debug_info    0x0000000000000560      0x105 /usr/lib/gcc/msp430/4.6.3/../../../../msp430/lib/mmpy-16/libc.a(printf.o)
 .debug_info    0x0000000000000665      0x565 /usr/lib/gcc/msp430/4.6.3/../../../../msp430/lib/mmpy-16/libc.a(vuprintf.o)
 .debug_info    0x0000000000000bca       0x96 /usr/lib/gcc/msp430/4.6.3/../../../../msp430/lib/mmpy-16/libc.a(puts.o)
 .debug_info    0x0000000000000c60      0x13f /usr/lib/gcc/msp430/4.6.3/../../../../msp430/lib/mmpy-16/libc.a(rand.o)
 .debug_info    0x0000000000000d9f       0xd6 /usr/lib/gcc/msp430/4.6.3/mmpy-16/libgcc.a(_udivmod16.o)
 .debug_info    0x0000000000000e75       0xd6 /usr/lib/gcc/msp430/4.6.3/mmpy-16/libgcc.a(_udivmod64.o)
 .debug_info    0x0000000000000f4b       0xb8 /usr/lib/gcc/msp430/4.6.3/mmpy-16/libcrt0.a(__watchdog_support.o)
 .debug_info    0x0000000000001003       0xb8 /usr/lib/gcc/msp430/4.6.3/mmpy-16/libcrt0.a(__init_stack.o)
 .debug_info    0x00000000000010bb       0xb8 /usr/lib/gcc/msp430/4.6.3/mmpy-16/libcrt0.a(_copy_data.o)
 .debug_info    0x0000000000001173       0xb8 /usr/lib/gcc/msp430/4.6.3/mmpy-16/libcrt0.a(_clear_bss.o)
 .debug_info    0x000000000000122b       0xb8 /usr/lib/gcc/msp430/4.6.3/mmpy-16/libcrt0.a(_endless_loop__.o)
 .debug_info    0x00000000000012e3       0xb8 /usr/lib/gcc/msp430/4.6.3/mmpy-16/libcrt0.a(_unexpected_.o)
 *(.gnu.linkonce.wi.*)

.debug_abbrev   0x0000000000000000      0x721
 *(.debug_abbrev)
 .debug_abbrev  0x0000000000000000       0x14 /usr/lib/gcc/msp430/4.6.3/mmpy-16/libgcc.a(_mulsi3.o)
 .debug_abbrev  0x0000000000000014       0x14 /usr/lib/gcc/msp430/4.6.3/mmpy-16/libgcc.a(_udivmod32.o)
 .debug_abbrev  0x0000000000000028       0x7c /usr/lib/gcc/msp430/4.6.3/../../../../msp430/lib/mmpy-16/libc.a(strncmp.o)
 .debug_abbrev  0x00000000000000a4       0x9b /usr/lib/gcc/msp430/4.6.3/../../../../msp430/lib/mmpy-16/libc.a(memcmp.o)
 .debug_abbrev  0x000000000000013f       0x97 /usr/lib/gcc/msp430/4.6.3/../../../../msp430/lib/mmpy-16/libc.a(memcpy.o)
 .debug_abbrev  0x00000000000001d6       0x9c /usr/lib/gcc/msp430/4.6.3/../../../../msp430/lib/mmpy-16/libc.a(memset.o)
 .debug_abbrev  0x0000000000000272       0xd0 /usr/lib/gcc/msp430/4.6.3/../../../../msp430/lib/mmpy-16/libc.a(printf.o)
 .debug_abbrev  0x0000000000000342      0x1ef /usr/lib/gcc/msp430/4.6.3/../../../../msp430/lib/mmpy-16/libc.a(vuprintf.o)
 .debug_abbrev  0x0000000000000531       0x60 /usr/lib/gcc/msp430/4.6.3/../../../../msp430/lib/mmpy-16/libc.a(puts.o)
 .debug_abbrev  0x0000000000000591       0xf0 /usr/lib/gcc/msp430/4.6.3/../../../../msp430/lib/mmpy-16/libc.a(rand.o)
 .debug_abbrev  0x0000000000000681       0x14 /usr/lib/gcc/msp430/4.6.3/mmpy-16/libgcc.a(_udivmod16.o)
 .debug_abbrev  0x0000000000000695       0x14 /usr/lib/gcc/msp430/4.6.3/mmpy-16/libgcc.a(_udivmod64.o)
 .debug_abbrev  0x00000000000006a9       0x14 /usr/lib/gcc/msp430/4.6.3/mmpy-16/libcrt0.a(__watchdog_support.o)
 .debug_abbrev  0x00000000000006bd       0x14 /usr/lib/gcc/msp430/4.6.3/mmpy-16/libcrt0.a(__init_stack.o)
 .debug_abbrev  0x00000000000006d1       0x14 /usr/lib/gcc/msp430/4.6.3/mmpy-16/libcrt0.a(_copy_data.o)
 .debug_abbrev  0x00000000000006e5       0x14 /usr/lib/gcc/msp430/4.6.3/mmpy-16/libcrt0.a(_clear_bss.o)
 .debug_abbrev  0x00000000000006f9       0x14 /usr/lib/gcc/msp430/4.6.3/mmpy-16/libcrt0.a(_endless_loop__.o)
 .debug_abbrev  0x000000000000070d       0x14 /usr/lib/gcc/msp430/4.6.3/mmpy-16/libcrt0.a(_unexpected_.o)

.debug_line     0x0000000000000000      0xc6f
 *(.debug_line)
 .debug_line    0x0000000000000000       0xa3 /usr/lib/gcc/msp430/4.6.3/mmpy-16/libgcc.a(_mulsi3.o)
 .debug_line    0x00000000000000a3       0xab /usr/lib/gcc/msp430/4.6.3/mmpy-16/libgcc.a(_udivmod32.o)
 .debug_line    0x000000000000014e       0x75 /usr/lib/gcc/msp430/4.6.3/../../../../msp430/lib/mmpy-16/libc.a(strncmp.o)
 .debug_line    0x00000000000001c3       0x73 /usr/lib/gcc/msp430/4.6.3/../../../../msp430/lib/mmpy-16/libc.a(memcmp.o)
 .debug_line    0x0000000000000236       0xe9 /usr/lib/gcc/msp430/4.6.3/../../../../msp430/lib/mmpy-16/libc.a(memcpy.o)
 .debug_line    0x000000000000031f       0xc8 /usr/lib/gcc/msp430/4.6.3/../../../../msp430/lib/mmpy-16/libc.a(memset.o)
 .debug_line    0x00000000000003e7       0x72 /usr/lib/gcc/msp430/4.6.3/../../../../msp430/lib/mmpy-16/libc.a(printf.o)
 .debug_line    0x0000000000000459      0x2d2 /usr/lib/gcc/msp430/4.6.3/../../../../msp430/lib/mmpy-16/libc.a(vuprintf.o)
 .debug_line    0x000000000000072b       0x4d /usr/lib/gcc/msp430/4.6.3/../../../../msp430/lib/mmpy-16/libc.a(puts.o)
 .debug_line    0x0000000000000778       0x4f /usr/lib/gcc/msp430/4.6.3/../../../../msp430/lib/mmpy-16/libc.a(rand.o)
 .debug_line    0x00000000000007c7       0x9c /usr/lib/gcc/msp430/4.6.3/mmpy-16/libgcc.a(_udivmod16.o)
 .debug_line    0x0000000000000863       0xf1 /usr/lib/gcc/msp430/4.6.3/mmpy-16/libgcc.a(_udivmod64.o)
 .debug_line    0x0000000000000954       0x84 /usr/lib/gcc/msp430/4.6.3/mmpy-16/libcrt0.a(__watchdog_support.o)
 .debug_line    0x00000000000009d8       0x82 /usr/lib/gcc/msp430/4.6.3/mmpy-16/libcrt0.a(__init_stack.o)
 .debug_line    0x0000000000000a5a       0x88 /usr/lib/gcc/msp430/4.6.3/mmpy-16/libcrt0.a(_copy_data.o)
 .debug_line    0x0000000000000ae2       0x88 /usr/lib/gcc/msp430/4.6.3/mmpy-16/libcrt0.a(_clear_bss.o)
 .debug_line    0x0000000000000b6a       0x83 /usr/lib/gcc/msp430/4.6.3/mmpy-16/libcrt0.a(_endless_loop__.o)
 .debug_line    0x0000000000000bed       0x82 /usr/lib/gcc/msp430/4.6.3/mmpy-16/libcrt0.a(_unexpected_.o)

.debug_frame    0x0000000000000000      0x1ec
 *(.debug_frame)
 .debug_frame   0x0000000000000000       0x24 /usr/lib/gcc/msp430/4.6.3/../../../../msp430/lib/mmpy-16/libc.a(strncmp.o)
 .debug_frame   0x0000000000000024       0x24 /usr/lib/gcc/msp430/4.6.3/../../../../msp430/lib/mmpy-16/libc.a(memcmp.o)
 .debug_frame   0x0000000000000048       0x38 /usr/lib/gcc/msp430/4.6.3/../../../../msp430/lib/mmpy-16/libc.a(memcpy.o)
 .debug_frame   0x0000000000000080       0x32 /usr/lib/gcc/msp430/4.6.3/../../../../msp430/lib/mmpy-16/libc.a(memset.o)
 .debug_frame   0x00000000000000b2       0x2a /usr/lib/gcc/msp430/4.6.3/../../../../msp430/lib/mmpy-16/libc.a(printf.o)
 .debug_frame   0x00000000000000dc       0xb0 /usr/lib/gcc/msp430/4.6.3/../../../../msp430/lib/mmpy-16/libc.a(vuprintf.o)
 .debug_frame   0x000000000000018c       0x24 /usr/lib/gcc/msp430/4.6.3/../../../../msp430/lib/mmpy-16/libc.a(puts.o)
 .debug_frame   0x00000000000001b0       0x3c /usr/lib/gcc/msp430/4.6.3/../../../../msp430/lib/mmpy-16/libc.a(rand.o)

.debug_str      0x0000000000000000      0x3dc
 *(.debug_str)
 .debug_str     0x0000000000000000       0xc4 /usr/lib/gcc/msp430/4.6.3/../../../../msp430/lib/mmpy-16/libc.a(strncmp.o)
                                         0xfd (size before relaxing)
 .debug_str     0x00000000000000c4       0x19 /usr/lib/gcc/msp430/4.6.3/../../../../msp430/lib/mmpy-16/libc.a(memcmp.o)
                                         0xfb (size before relaxing)
 .debug_str     0x00000000000000dd       0x34 /usr/lib/gcc/msp430/4.6.3/../../../../msp430/lib/mmpy-16/libc.a(memcpy.o)
                                        0x116 (size before relaxing)
 .debug_str     0x0000000000000111       0x26 /usr/lib/gcc/msp430/4.6.3/../../../../msp430/lib/mmpy-16/libc.a(memset.o)
                                        0x114 (size before relaxing)
 .debug_str     0x0000000000000137       0x40 /usr/lib/gcc/msp430/4.6.3/../../../../msp430/lib/mmpy-16/libc.a(printf.o)
                                        0x12a (size before relaxing)
 .debug_str     0x0000000000000177      0x221 /usr/lib/gcc/msp430/4.6.3/../../../../msp430/lib/mmpy-16/libc.a(vuprintf.o)
                                        0x375 (size before relaxing)
 .debug_str     0x0000000000000398       0x15 /usr/lib/gcc/msp430/4.6.3/../../../../msp430/lib/mmpy-16/libc.a(puts.o)
                                         0xf0 (size before relaxing)
 .debug_str     0x00000000000003ad       0x2f /usr/lib/gcc/msp430/4.6.3/../../../../msp430/lib/mmpy-16/libc.a(rand.o)
                                        0x10f (size before relaxing)

.debug_loc      0x0000000000000000      0xaf3
 *(.debug_loc)
 .debug_loc     0x0000000000000000       0x38 /usr/lib/gcc/msp430/4.6.3/../../../../msp430/lib/mmpy-16/libc.a(strncmp.o)
 .debug_loc     0x0000000000000038       0x5e /usr/lib/gcc/msp430/4.6.3/../../../../msp430/lib/mmpy-16/libc.a(memcmp.o)
 .debug_loc     0x0000000000000096      0x1f0 /usr/lib/gcc/msp430/4.6.3/../../../../msp430/lib/mmpy-16/libc.a(memcpy.o)
 .debug_loc     0x0000000000000286       0xdb /usr/lib/gcc/msp430/4.6.3/../../../../msp430/lib/mmpy-16/libc.a(memset.o)
 .debug_loc     0x0000000000000361       0x38 /usr/lib/gcc/msp430/4.6.3/../../../../msp430/lib/mmpy-16/libc.a(printf.o)
 .debug_loc     0x0000000000000399      0x705 /usr/lib/gcc/msp430/4.6.3/../../../../msp430/lib/mmpy-16/libc.a(vuprintf.o)
 .debug_loc     0x0000000000000a9e       0x26 /usr/lib/gcc/msp430/4.6.3/../../../../msp430/lib/mmpy-16/libc.a(puts.o)
 .debug_loc     0x0000000000000ac4       0x2f /usr/lib/gcc/msp430/4.6.3/../../../../msp430/lib/mmpy-16/libc.a(rand.o)

.debug_macinfo
 *(.debug_macinfo)

.debug_pubtypes
 *(.debug_pubtypes)

.debug_ranges   0x0000000000000000       0x18
 *(.debug_ranges)
 .debug_ranges  0x0000000000000000       0x18 /usr/lib/gcc/msp430/4.6.3/../../../../msp430/lib/mmpy-16/libc.a(vuprintf.o)
                0x0000000000003900                PROVIDE (__stack, (ORIGIN (ram) + 0x2800))
                0x0000000000007b48                PROVIDE (__data_start_rom, _etext)
                0x0000000000007bbc                PROVIDE (__data_end_rom, (_etext + SIZEOF (.data)))
OUTPUT(app.sky elf32-msp430)
